[2026-05-01 09:37:28]  НАЧАЛО ЗАГРУЗКИ BRONZE (по дням) 
[2026-05-01 09:37:28] Найдено файлов (дней): 31
[2026-05-01 09:37:28]  Обработка дня: 2024-01-01
[2026-05-01 09:37:28]  Ошибка при обработке flights_2024-01-01.csv: No module named 'pyarrow'
[2026-05-01 09:38:17]  НАЧАЛО ЗАГРУЗКИ BRONZE (по дням) 
[2026-05-01 09:38:17] Найдено файлов (дней): 31
[2026-05-01 09:38:17]  Обработка дня: 2024-01-01
[2026-05-01 09:38:18]  Успешно записано: день 2024-01-01, режим overwrite
[2026-05-01 09:38:18]  Текущая версия Delta-таблицы: 0
[2026-05-01 09:38:18]  Обработка дня: 2024-01-02
[2026-05-01 09:38:19]  Успешно записано: день 2024-01-02, режим append
[2026-05-01 09:38:19]  Текущая версия Delta-таблицы: 1
[2026-05-01 09:38:19]  Обработка дня: 2024-01-03
[2026-05-01 09:38:19]  Успешно записано: день 2024-01-03, режим append
[2026-05-01 09:38:19]  Текущая версия Delta-таблицы: 2
[2026-05-01 09:38:19]  Обработка дня: 2024-01-04
[2026-05-01 09:38:19]  Успешно записано: день 2024-01-04, режим append
[2026-05-01 09:38:19]  Текущая версия Delta-таблицы: 3
[2026-05-01 09:38:19]  Обработка дня: 2024-01-05
[2026-05-01 09:38:19]  Успешно записано: день 2024-01-05, режим append
[2026-05-01 09:38:19]  Текущая версия Delta-таблицы: 4
[2026-05-01 09:38:19]  Обработка дня: 2024-01-06
[2026-05-01 09:38:19]  Ошибка при обработке flights_2024-01-06.csv: Cast error: Cannot cast string '' to value of Int64 type
[2026-05-01 09:39:14]  НАЧАЛО ЗАГРУЗКИ BRONZE (по дням) 
[2026-05-01 09:39:14] Найдено файлов (дней): 31
[2026-05-01 09:39:14]  Обработка дня: 2024-01-01
[2026-05-01 09:39:14]  Успешно записано: день 2024-01-01, режим overwrite
[2026-05-01 09:39:14]  Текущая версия Delta-таблицы: 0
[2026-05-01 09:39:14]  Обработка дня: 2024-01-02
[2026-05-01 09:39:15]  Успешно записано: день 2024-01-02, режим append
[2026-05-01 09:39:15]  Текущая версия Delta-таблицы: 1
[2026-05-01 09:39:15]  Обработка дня: 2024-01-03
[2026-05-01 09:39:15]  Успешно записано: день 2024-01-03, режим append
[2026-05-01 09:39:15]  Текущая версия Delta-таблицы: 2
[2026-05-01 09:39:15]  Обработка дня: 2024-01-04
[2026-05-01 09:39:15]  Успешно записано: день 2024-01-04, режим append
[2026-05-01 09:39:15]  Текущая версия Delta-таблицы: 3
[2026-05-01 09:39:15]  Обработка дня: 2024-01-05
[2026-05-01 09:39:15]  Успешно записано: день 2024-01-05, режим append
[2026-05-01 09:39:15]  Текущая версия Delta-таблицы: 4
[2026-05-01 09:39:15]  Обработка дня: 2024-01-06
[2026-05-01 09:39:15]  Успешно записано: день 2024-01-06, режим append
[2026-05-01 09:39:15]  Текущая версия Delta-таблицы: 5
[2026-05-01 09:39:15]  Обработка дня: 2024-01-07
[2026-05-01 09:39:15]  Успешно записано: день 2024-01-07, режим append
[2026-05-01 09:39:15]  Текущая версия Delta-таблицы: 6
[2026-05-01 09:39:15]  Обработка дня: 2024-01-08
[2026-05-01 09:39:16]  Успешно записано: день 2024-01-08, режим append
[2026-05-01 09:39:16]  Текущая версия Delta-таблицы: 7
[2026-05-01 09:39:16]  Обработка дня: 2024-01-09
[2026-05-01 09:39:16]  Успешно записано: день 2024-01-09, режим append
[2026-05-01 09:39:16]  Текущая версия Delta-таблицы: 8
[2026-05-01 09:39:16]  Обработка дня: 2024-01-10
[2026-05-01 09:39:16]  Успешно записано: день 2024-01-10, режим append
[2026-05-01 09:39:16]  Текущая версия Delta-таблицы: 9
[2026-05-01 09:39:16]  Обработка дня: 2024-01-11
[2026-05-01 09:39:16]  Успешно записано: день 2024-01-11, режим append
[2026-05-01 09:39:16]  Текущая версия Delta-таблицы: 10
[2026-05-01 09:39:16]  Обработка дня: 2024-01-12
[2026-05-01 09:39:16]  Успешно записано: день 2024-01-12, режим append
[2026-05-01 09:39:16]  Текущая версия Delta-таблицы: 11
[2026-05-01 09:39:16]  Обработка дня: 2024-01-13
[2026-05-01 09:39:16]  Успешно записано: день 2024-01-13, режим append
[2026-05-01 09:39:16]  Текущая версия Delta-таблицы: 12
[2026-05-01 09:39:16]  Обработка дня: 2024-01-14
[2026-05-01 09:39:17]  Успешно записано: день 2024-01-14, режим append
[2026-05-01 09:39:17]  Текущая версия Delta-таблицы: 13
[2026-05-01 09:39:17]  Обработка дня: 2024-01-15
[2026-05-01 09:39:17]  Успешно записано: день 2024-01-15, режим append
[2026-05-01 09:39:17]  Текущая версия Delta-таблицы: 14
[2026-05-01 09:39:17]  Обработка дня: 2024-01-16
[2026-05-01 09:39:17]  Успешно записано: день 2024-01-16, режим append
[2026-05-01 09:39:17]  Текущая версия Delta-таблицы: 15
[2026-05-01 09:39:17]  Обработка дня: 2024-01-17
[2026-05-01 09:39:17]  Успешно записано: день 2024-01-17, режим append
[2026-05-01 09:39:17]  Текущая версия Delta-таблицы: 16
[2026-05-01 09:39:17]  Обработка дня: 2024-01-18
[2026-05-01 09:39:17]  Успешно записано: день 2024-01-18, режим append
[2026-05-01 09:39:17]  Текущая версия Delta-таблицы: 17
[2026-05-01 09:39:17]  Обработка дня: 2024-01-19
[2026-05-01 09:39:17]  Успешно записано: день 2024-01-19, режим append
[2026-05-01 09:39:17]  Текущая версия Delta-таблицы: 18
[2026-05-01 09:39:17]  Обработка дня: 2024-01-20
[2026-05-01 09:39:18]  Успешно записано: день 2024-01-20, режим append
[2026-05-01 09:39:18]  Текущая версия Delta-таблицы: 19
[2026-05-01 09:39:18]  Обработка дня: 2024-01-21
[2026-05-01 09:39:18]  Успешно записано: день 2024-01-21, режим append
[2026-05-01 09:39:18]  Текущая версия Delta-таблицы: 20
[2026-05-01 09:39:18]  Обработка дня: 2024-01-22
[2026-05-01 09:39:18]  Успешно записано: день 2024-01-22, режим append
[2026-05-01 09:39:18]  Текущая версия Delta-таблицы: 21
[2026-05-01 09:39:18]  Обработка дня: 2024-01-23
[2026-05-01 09:39:18]  Успешно записано: день 2024-01-23, режим append
[2026-05-01 09:39:18]  Текущая версия Delta-таблицы: 22
[2026-05-01 09:39:18]  Обработка дня: 2024-01-24
[2026-05-01 09:39:18]  Успешно записано: день 2024-01-24, режим append
[2026-05-01 09:39:18]  Текущая версия Delta-таблицы: 23
[2026-05-01 09:39:18]  Обработка дня: 2024-01-25
[2026-05-01 09:39:18]  Успешно записано: день 2024-01-25, режим append
[2026-05-01 09:39:18]  Текущая версия Delta-таблицы: 24
[2026-05-01 09:39:18]  Обработка дня: 2024-01-26
[2026-05-01 09:39:19]  Успешно записано: день 2024-01-26, режим append
[2026-05-01 09:39:19]  Текущая версия Delta-таблицы: 25
[2026-05-01 09:39:19]  Обработка дня: 2024-01-27
[2026-05-01 09:39:19]  Успешно записано: день 2024-01-27, режим append
[2026-05-01 09:39:19]  Текущая версия Delta-таблицы: 26
[2026-05-01 09:39:19]  Обработка дня: 2024-01-28
[2026-05-01 09:39:19]  Успешно записано: день 2024-01-28, режим append
[2026-05-01 09:39:19]  Текущая версия Delta-таблицы: 27
[2026-05-01 09:39:19]  Обработка дня: 2024-01-29
[2026-05-01 09:39:19]  Успешно записано: день 2024-01-29, режим append
[2026-05-01 09:39:19]  Текущая версия Delta-таблицы: 28
[2026-05-01 09:39:19]  Обработка дня: 2024-01-30
[2026-05-01 09:39:19]  Успешно записано: день 2024-01-30, режим append
[2026-05-01 09:39:19]  Текущая версия Delta-таблицы: 29
[2026-05-01 09:39:19]  Обработка дня: 2024-01-31
[2026-05-01 09:39:19]  Успешно записано: день 2024-01-31, режим append
[2026-05-01 09:39:20]  Текущая версия Delta-таблицы: 30
[2026-05-01 09:39:20]  ЗАГРУЗКА BRONZE ЗАВЕРШЕНА 
[2026-05-01 09:39:20]  Всего версий в истории: 31
[2026-05-01 09:39:20] Последние 5 версий:
[2026-05-01 09:39:20]   В 1777653555546 → версия 4 (оп: WRITE)
[2026-05-01 09:39:20]   В 1777653555376 → версия 3 (оп: WRITE)
[2026-05-01 09:39:20]   В 1777653555210 → версия 2 (оп: WRITE)
[2026-05-01 09:39:20]   В 1777653555042 → версия 1 (оп: WRITE)
[2026-05-01 09:39:20]   В 1777653554850 → версия 0 (оп: WRITE)
[2026-05-01 11:01:18]  НАЧАЛО ЗАГРУЗКИ BRONZE (по дням) 
[2026-05-01 11:01:18] Найдено файлов (дней): 31
[2026-05-01 11:01:18]  Обработка дня: 2024-01-01
[2026-05-01 11:01:18]  Успешно записано: день 2024-01-01, режим append
[2026-05-01 11:01:18]  Текущая версия Delta-таблицы: 31
[2026-05-01 11:01:18]  Обработка дня: 2024-01-02
[2026-05-01 11:01:18]  Успешно записано: день 2024-01-02, режим append
[2026-05-01 11:01:18]  Текущая версия Delta-таблицы: 32
[2026-05-01 11:01:18]  Обработка дня: 2024-01-03
[2026-05-01 11:01:19]  Успешно записано: день 2024-01-03, режим append
[2026-05-01 11:01:19]  Текущая версия Delta-таблицы: 33
[2026-05-01 11:01:19]  Обработка дня: 2024-01-04
[2026-05-01 11:01:19]  Успешно записано: день 2024-01-04, режим append
[2026-05-01 11:01:19]  Текущая версия Delta-таблицы: 34
[2026-05-01 11:01:19]  Обработка дня: 2024-01-05
[2026-05-01 11:01:19]  Успешно записано: день 2024-01-05, режим append
[2026-05-01 11:01:19]  Текущая версия Delta-таблицы: 35
[2026-05-01 11:01:19]  Обработка дня: 2024-01-06
[2026-05-01 11:01:19]  Успешно записано: день 2024-01-06, режим append
[2026-05-01 11:01:19]  Текущая версия Delta-таблицы: 36
[2026-05-01 11:01:19]  Обработка дня: 2024-01-07
[2026-05-01 11:01:19]  Успешно записано: день 2024-01-07, режим append
[2026-05-01 11:01:19]  Текущая версия Delta-таблицы: 37
[2026-05-01 11:01:19]  Обработка дня: 2024-01-08
[2026-05-01 11:01:19]  Успешно записано: день 2024-01-08, режим append
[2026-05-01 11:01:19]  Текущая версия Delta-таблицы: 38
[2026-05-01 11:01:19]  Обработка дня: 2024-01-09
[2026-05-01 11:01:20]  Успешно записано: день 2024-01-09, режим append
[2026-05-01 11:01:20]  Текущая версия Delta-таблицы: 39
[2026-05-01 11:01:20]  Обработка дня: 2024-01-10
[2026-05-01 11:01:20]  Успешно записано: день 2024-01-10, режим append
[2026-05-01 11:01:20]  Текущая версия Delta-таблицы: 40
[2026-05-01 11:01:20]  Обработка дня: 2024-01-11
[2026-05-01 11:01:20]  Успешно записано: день 2024-01-11, режим append
[2026-05-01 11:01:20]  Текущая версия Delta-таблицы: 41
[2026-05-01 11:01:20]  Обработка дня: 2024-01-12
[2026-05-01 11:01:20]  Успешно записано: день 2024-01-12, режим append
[2026-05-01 11:01:20]  Текущая версия Delta-таблицы: 42
[2026-05-01 11:01:20]  Обработка дня: 2024-01-13
[2026-05-01 11:01:20]  Успешно записано: день 2024-01-13, режим append
[2026-05-01 11:01:20]  Текущая версия Delta-таблицы: 43
[2026-05-01 11:01:20]  Обработка дня: 2024-01-14
[2026-05-01 11:01:20]  Успешно записано: день 2024-01-14, режим append
[2026-05-01 11:01:20]  Текущая версия Delta-таблицы: 44
[2026-05-01 11:01:20]  Обработка дня: 2024-01-15
[2026-05-01 11:01:21]  Успешно записано: день 2024-01-15, режим append
[2026-05-01 11:01:21]  Текущая версия Delta-таблицы: 45
[2026-05-01 11:01:21]  Обработка дня: 2024-01-16
[2026-05-01 11:01:21]  Успешно записано: день 2024-01-16, режим append
[2026-05-01 11:01:21]  Текущая версия Delta-таблицы: 46
[2026-05-01 11:01:21]  Обработка дня: 2024-01-17
[2026-05-01 11:01:21]  Успешно записано: день 2024-01-17, режим append
[2026-05-01 11:01:21]  Текущая версия Delta-таблицы: 47
[2026-05-01 11:01:21]  Обработка дня: 2024-01-18
[2026-05-01 11:01:21]  Успешно записано: день 2024-01-18, режим append
[2026-05-01 11:01:21]  Текущая версия Delta-таблицы: 48
[2026-05-01 11:01:21]  Обработка дня: 2024-01-19
[2026-05-01 11:01:21]  Успешно записано: день 2024-01-19, режим append
[2026-05-01 11:01:21]  Текущая версия Delta-таблицы: 49
[2026-05-01 11:01:21]  Обработка дня: 2024-01-20
[2026-05-01 11:01:21]  Успешно записано: день 2024-01-20, режим append
[2026-05-01 11:01:21]  Текущая версия Delta-таблицы: 50
[2026-05-01 11:01:21]  Обработка дня: 2024-01-21
[2026-05-01 11:01:22]  Успешно записано: день 2024-01-21, режим append
[2026-05-01 11:01:22]  Текущая версия Delta-таблицы: 51
[2026-05-01 11:01:22]  Обработка дня: 2024-01-22
[2026-05-01 11:01:22]  Успешно записано: день 2024-01-22, режим append
[2026-05-01 11:01:22]  Текущая версия Delta-таблицы: 52
[2026-05-01 11:01:22]  Обработка дня: 2024-01-23
[2026-05-01 11:01:22]  Успешно записано: день 2024-01-23, режим append
[2026-05-01 11:01:22]  Текущая версия Delta-таблицы: 53
[2026-05-01 11:01:22]  Обработка дня: 2024-01-24
[2026-05-01 11:01:22]  Успешно записано: день 2024-01-24, режим append
[2026-05-01 11:01:22]  Текущая версия Delta-таблицы: 54
[2026-05-01 11:01:22]  Обработка дня: 2024-01-25
[2026-05-01 11:01:22]  Успешно записано: день 2024-01-25, режим append
[2026-05-01 11:01:22]  Текущая версия Delta-таблицы: 55
[2026-05-01 11:01:22]  Обработка дня: 2024-01-26
[2026-05-01 11:01:22]  Успешно записано: день 2024-01-26, режим append
[2026-05-01 11:01:23]  Текущая версия Delta-таблицы: 56
[2026-05-01 11:01:23]  Обработка дня: 2024-01-27
[2026-05-01 11:01:23]  Успешно записано: день 2024-01-27, режим append
[2026-05-01 11:01:23]  Текущая версия Delta-таблицы: 57
[2026-05-01 11:01:23]  Обработка дня: 2024-01-28
[2026-05-01 11:01:23]  Успешно записано: день 2024-01-28, режим append
[2026-05-01 11:01:23]  Текущая версия Delta-таблицы: 58
[2026-05-01 11:01:23]  Обработка дня: 2024-01-29
[2026-05-01 11:01:23]  Успешно записано: день 2024-01-29, режим append
[2026-05-01 11:01:23]  Текущая версия Delta-таблицы: 59
[2026-05-01 11:01:23]  Обработка дня: 2024-01-30
[2026-05-01 11:01:23]  Успешно записано: день 2024-01-30, режим append
[2026-05-01 11:01:23]  Текущая версия Delta-таблицы: 60
[2026-05-01 11:01:23]  Обработка дня: 2024-01-31
[2026-05-01 11:01:23]  Успешно записано: день 2024-01-31, режим append
[2026-05-01 11:01:23]  Текущая версия Delta-таблицы: 61
[2026-05-01 11:01:23]  ЗАГРУЗКА BRONZE ЗАВЕРШЕНА 
[2026-05-01 11:01:23]  Всего версий в истории: 62
[2026-05-01 11:01:23] Последние 5 версий:
[2026-05-01 11:01:23]   В 1777653555546 → версия 4 (оп: WRITE)
[2026-05-01 11:01:23]   В 1777653555376 → версия 3 (оп: WRITE)
[2026-05-01 11:01:23]   В 1777653555210 → версия 2 (оп: WRITE)
[2026-05-01 11:01:23]   В 1777653555042 → версия 1 (оп: WRITE)
[2026-05-01 11:01:23]   В 1777653554850 → версия 0 (оп: WRITE)
[2026-05-01 11:09:20]  НАЧАЛО ЗАГРУЗКИ BRONZE (по дням) 
[2026-05-01 11:09:20] Найдено файлов (дней): 31
[2026-05-01 11:09:20]  Обработка дня: 2024-01-01
[2026-05-01 11:09:21]  Успешно записано: день 2024-01-01, режим overwrite
[2026-05-01 11:09:21]  Текущая версия Delta-таблицы: 0
[2026-05-01 11:09:21]  Обработка дня: 2024-01-02
[2026-05-01 11:09:21]  Успешно записано: день 2024-01-02, режим append
[2026-05-01 11:09:21]  Текущая версия Delta-таблицы: 1
[2026-05-01 11:09:21]  Обработка дня: 2024-01-03
[2026-05-01 11:09:21]  Успешно записано: день 2024-01-03, режим append
[2026-05-01 11:09:21]  Текущая версия Delta-таблицы: 2
[2026-05-01 11:09:21]  Обработка дня: 2024-01-04
[2026-05-01 11:09:21]  Успешно записано: день 2024-01-04, режим append
[2026-05-01 11:09:21]  Текущая версия Delta-таблицы: 3
[2026-05-01 11:09:21]  Обработка дня: 2024-01-05
[2026-05-01 11:09:21]  Успешно записано: день 2024-01-05, режим append
[2026-05-01 11:09:21]  Текущая версия Delta-таблицы: 4
[2026-05-01 11:09:21]  Обработка дня: 2024-01-06
[2026-05-01 11:09:22]  Успешно записано: день 2024-01-06, режим append
[2026-05-01 11:09:22]  Текущая версия Delta-таблицы: 5
[2026-05-01 11:09:22]  Обработка дня: 2024-01-07
[2026-05-01 11:09:22]  Успешно записано: день 2024-01-07, режим append
[2026-05-01 11:09:22]  Текущая версия Delta-таблицы: 6
[2026-05-01 11:09:22]  Обработка дня: 2024-01-08
[2026-05-01 11:09:22]  Успешно записано: день 2024-01-08, режим append
[2026-05-01 11:09:22]  Текущая версия Delta-таблицы: 7
[2026-05-01 11:09:22]  Обработка дня: 2024-01-09
[2026-05-01 11:09:22]  Успешно записано: день 2024-01-09, режим append
[2026-05-01 11:09:22]  Текущая версия Delta-таблицы: 8
[2026-05-01 11:09:22]  Обработка дня: 2024-01-10
[2026-05-01 11:09:22]  Успешно записано: день 2024-01-10, режим append
[2026-05-01 11:09:22]  Текущая версия Delta-таблицы: 9
[2026-05-01 11:09:22]  Обработка дня: 2024-01-11
[2026-05-01 11:09:22]  Успешно записано: день 2024-01-11, режим append
[2026-05-01 11:09:22]  Текущая версия Delta-таблицы: 10
[2026-05-01 11:09:22]  Обработка дня: 2024-01-12
[2026-05-01 11:09:23]  Успешно записано: день 2024-01-12, режим append
[2026-05-01 11:09:23]  Текущая версия Delta-таблицы: 11
[2026-05-01 11:09:23]  Обработка дня: 2024-01-13
[2026-05-01 11:09:23]  Успешно записано: день 2024-01-13, режим append
[2026-05-01 11:09:23]  Текущая версия Delta-таблицы: 12
[2026-05-01 11:09:23]  Обработка дня: 2024-01-14
[2026-05-01 11:09:23]  Успешно записано: день 2024-01-14, режим append
[2026-05-01 11:09:23]  Текущая версия Delta-таблицы: 13
[2026-05-01 11:09:23]  Обработка дня: 2024-01-15
[2026-05-01 11:09:23]  Успешно записано: день 2024-01-15, режим append
[2026-05-01 11:09:23]  Текущая версия Delta-таблицы: 14
[2026-05-01 11:09:23]  Обработка дня: 2024-01-16
[2026-05-01 11:09:23]  Успешно записано: день 2024-01-16, режим append
[2026-05-01 11:09:23]  Текущая версия Delta-таблицы: 15
[2026-05-01 11:09:23]  Обработка дня: 2024-01-17
[2026-05-01 11:09:23]  Успешно записано: день 2024-01-17, режим append
[2026-05-01 11:09:23]  Текущая версия Delta-таблицы: 16
[2026-05-01 11:09:23]  Обработка дня: 2024-01-18
[2026-05-01 11:09:24]  Успешно записано: день 2024-01-18, режим append
[2026-05-01 11:09:24]  Текущая версия Delta-таблицы: 17
[2026-05-01 11:09:24]  Обработка дня: 2024-01-19
[2026-05-01 11:09:24]  Успешно записано: день 2024-01-19, режим append
[2026-05-01 11:09:24]  Текущая версия Delta-таблицы: 18
[2026-05-01 11:09:24]  Обработка дня: 2024-01-20
[2026-05-01 11:09:24]  Успешно записано: день 2024-01-20, режим append
[2026-05-01 11:09:24]  Текущая версия Delta-таблицы: 19
[2026-05-01 11:09:24]  Обработка дня: 2024-01-21
[2026-05-01 11:09:24]  Успешно записано: день 2024-01-21, режим append
[2026-05-01 11:09:24]  Текущая версия Delta-таблицы: 20
[2026-05-01 11:09:24]  Обработка дня: 2024-01-22
[2026-05-01 11:09:24]  Успешно записано: день 2024-01-22, режим append
[2026-05-01 11:09:24]  Текущая версия Delta-таблицы: 21
[2026-05-01 11:09:24]  Обработка дня: 2024-01-23
[2026-05-01 11:09:24]  Успешно записано: день 2024-01-23, режим append
[2026-05-01 11:09:24]  Текущая версия Delta-таблицы: 22
[2026-05-01 11:09:24]  Обработка дня: 2024-01-24
[2026-05-01 11:09:25]  Успешно записано: день 2024-01-24, режим append
[2026-05-01 11:09:25]  Текущая версия Delta-таблицы: 23
[2026-05-01 11:09:25]  Обработка дня: 2024-01-25
[2026-05-01 11:09:25]  Успешно записано: день 2024-01-25, режим append
[2026-05-01 11:09:25]  Текущая версия Delta-таблицы: 24
[2026-05-01 11:09:25]  Обработка дня: 2024-01-26
[2026-05-01 11:09:25]  Успешно записано: день 2024-01-26, режим append
[2026-05-01 11:09:25]  Текущая версия Delta-таблицы: 25
[2026-05-01 11:09:25]  Обработка дня: 2024-01-27
[2026-05-01 11:09:25]  Успешно записано: день 2024-01-27, режим append
[2026-05-01 11:09:25]  Текущая версия Delta-таблицы: 26
[2026-05-01 11:09:25]  Обработка дня: 2024-01-28
[2026-05-01 11:09:25]  Успешно записано: день 2024-01-28, режим append
[2026-05-01 11:09:25]  Текущая версия Delta-таблицы: 27
[2026-05-01 11:09:25]  Обработка дня: 2024-01-29
[2026-05-01 11:09:25]  Успешно записано: день 2024-01-29, режим append
[2026-05-01 11:09:25]  Текущая версия Delta-таблицы: 28
[2026-05-01 11:09:25]  Обработка дня: 2024-01-30
[2026-05-01 11:09:26]  Успешно записано: день 2024-01-30, режим append
[2026-05-01 11:09:26]  Текущая версия Delta-таблицы: 29
[2026-05-01 11:09:26]  Обработка дня: 2024-01-31
[2026-05-01 11:09:26]  Успешно записано: день 2024-01-31, режим append
[2026-05-01 11:09:26]  Текущая версия Delta-таблицы: 30
[2026-05-01 11:09:26]  ЗАГРУЗКА BRONZE ЗАВЕРШЕНА 
[2026-05-01 11:09:26]  Всего версий в истории: 31
[2026-05-01 11:09:26] Последние 5 версий:
[2026-05-01 11:09:26]   В 1777658961950 → версия 4 (оп: WRITE)
[2026-05-01 11:09:26]   В 1777658961795 → версия 3 (оп: WRITE)
[2026-05-01 11:09:26]   В 1777658961643 → версия 2 (оп: WRITE)
[2026-05-01 11:09:26]   В 1777658961486 → версия 1 (оп: WRITE)
[2026-05-01 11:09:26]   В 1777658961317 → версия 0 (оп: WRITE)
[2026-05-01 14:30:02]  НАЧАЛО ЗАГРУЗКИ BRONZE (по дням) 
[2026-05-01 14:30:02] Найдено файлов (дней): 31
[2026-05-01 14:30:02]  Обработка дня: 2024-01-01
[2026-05-01 14:30:02]  Успешно записано: день 2024-01-01, режим append
[2026-05-01 14:30:02]  Текущая версия Delta-таблицы: 31
[2026-05-01 14:30:02]  Обработка дня: 2024-01-02
[2026-05-01 14:30:02]  Успешно записано: день 2024-01-02, режим append
[2026-05-01 14:30:02]  Текущая версия Delta-таблицы: 32
[2026-05-01 14:30:02]  Обработка дня: 2024-01-03
[2026-05-01 14:30:02]  Успешно записано: день 2024-01-03, режим append
[2026-05-01 14:30:02]  Текущая версия Delta-таблицы: 33
[2026-05-01 14:30:02]  Обработка дня: 2024-01-04
[2026-05-01 14:30:02]  Успешно записано: день 2024-01-04, режим append
[2026-05-01 14:30:03]  Текущая версия Delta-таблицы: 34
[2026-05-01 14:30:03]  Обработка дня: 2024-01-05
[2026-05-01 14:30:03]  Успешно записано: день 2024-01-05, режим append
[2026-05-01 14:30:03]  Текущая версия Delta-таблицы: 35
[2026-05-01 14:30:03]  Обработка дня: 2024-01-06
[2026-05-01 14:30:03]  Успешно записано: день 2024-01-06, режим append
[2026-05-01 14:30:03]  Текущая версия Delta-таблицы: 36
[2026-05-01 14:30:03]  Обработка дня: 2024-01-07
[2026-05-01 14:30:03]  Успешно записано: день 2024-01-07, режим append
[2026-05-01 14:30:03]  Текущая версия Delta-таблицы: 37
[2026-05-01 14:30:03]  Обработка дня: 2024-01-08
[2026-05-01 14:30:03]  Успешно записано: день 2024-01-08, режим append
[2026-05-01 14:30:03]  Текущая версия Delta-таблицы: 38
[2026-05-01 14:30:03]  Обработка дня: 2024-01-09
[2026-05-01 14:30:03]  Успешно записано: день 2024-01-09, режим append
[2026-05-01 14:30:03]  Текущая версия Delta-таблицы: 39
[2026-05-01 14:30:03]  Обработка дня: 2024-01-10
[2026-05-01 14:30:03]  Успешно записано: день 2024-01-10, режим append
[2026-05-01 14:30:03]  Текущая версия Delta-таблицы: 40
[2026-05-01 14:30:03]  Обработка дня: 2024-01-11
[2026-05-01 14:30:04]  Успешно записано: день 2024-01-11, режим append
[2026-05-01 14:30:04]  Текущая версия Delta-таблицы: 41
[2026-05-01 14:30:04]  Обработка дня: 2024-01-12
[2026-05-01 14:30:04]  Успешно записано: день 2024-01-12, режим append
[2026-05-01 14:30:04]  Текущая версия Delta-таблицы: 42
[2026-05-01 14:30:04]  Обработка дня: 2024-01-13
[2026-05-01 14:30:04]  Успешно записано: день 2024-01-13, режим append
[2026-05-01 14:30:04]  Текущая версия Delta-таблицы: 43
[2026-05-01 14:30:04]  Обработка дня: 2024-01-14
[2026-05-01 14:30:04]  Успешно записано: день 2024-01-14, режим append
[2026-05-01 14:30:04]  Текущая версия Delta-таблицы: 44
[2026-05-01 14:30:04]  Обработка дня: 2024-01-15
[2026-05-01 14:30:04]  Успешно записано: день 2024-01-15, режим append
[2026-05-01 14:30:04]  Текущая версия Delta-таблицы: 45
[2026-05-01 14:30:04]  Обработка дня: 2024-01-16
[2026-05-01 14:30:05]  Успешно записано: день 2024-01-16, режим append
[2026-05-01 14:30:05]  Текущая версия Delta-таблицы: 46
[2026-05-01 14:30:05]  Обработка дня: 2024-01-17
[2026-05-01 14:30:05]  Успешно записано: день 2024-01-17, режим append
[2026-05-01 14:30:05]  Текущая версия Delta-таблицы: 47
[2026-05-01 14:30:05]  Обработка дня: 2024-01-18
[2026-05-01 14:30:05]  Успешно записано: день 2024-01-18, режим append
[2026-05-01 14:30:05]  Текущая версия Delta-таблицы: 48
[2026-05-01 14:30:05]  Обработка дня: 2024-01-19
[2026-05-01 14:30:05]  Успешно записано: день 2024-01-19, режим append
[2026-05-01 14:30:05]  Текущая версия Delta-таблицы: 49
[2026-05-01 14:30:05]  Обработка дня: 2024-01-20
[2026-05-01 14:30:05]  Успешно записано: день 2024-01-20, режим append
[2026-05-01 14:30:05]  Текущая версия Delta-таблицы: 50
[2026-05-01 14:30:05]  Обработка дня: 2024-01-21
[2026-05-01 14:30:05]  Успешно записано: день 2024-01-21, режим append
[2026-05-01 14:30:05]  Текущая версия Delta-таблицы: 51
[2026-05-01 14:30:05]  Обработка дня: 2024-01-22
[2026-05-01 14:30:06]  Успешно записано: день 2024-01-22, режим append
[2026-05-01 14:30:06]  Текущая версия Delta-таблицы: 52
[2026-05-01 14:30:06]  Обработка дня: 2024-01-23
[2026-05-01 14:30:06]  Успешно записано: день 2024-01-23, режим append
[2026-05-01 14:30:06]  Текущая версия Delta-таблицы: 53
[2026-05-01 14:30:06]  Обработка дня: 2024-01-24
[2026-05-01 14:30:06]  Успешно записано: день 2024-01-24, режим append
[2026-05-01 14:30:06]  Текущая версия Delta-таблицы: 54
[2026-05-01 14:30:06]  Обработка дня: 2024-01-25
[2026-05-01 14:30:06]  Успешно записано: день 2024-01-25, режим append
[2026-05-01 14:30:06]  Текущая версия Delta-таблицы: 55
[2026-05-01 14:30:06]  Обработка дня: 2024-01-26
[2026-05-01 14:30:06]  Успешно записано: день 2024-01-26, режим append
[2026-05-01 14:30:06]  Текущая версия Delta-таблицы: 56
[2026-05-01 14:30:06]  Обработка дня: 2024-01-27
[2026-05-01 14:30:06]  Успешно записано: день 2024-01-27, режим append
[2026-05-01 14:30:06]  Текущая версия Delta-таблицы: 57
[2026-05-01 14:30:06]  Обработка дня: 2024-01-28
[2026-05-01 14:30:07]  Успешно записано: день 2024-01-28, режим append
[2026-05-01 14:30:07]  Текущая версия Delta-таблицы: 58
[2026-05-01 14:30:07]  Обработка дня: 2024-01-29
[2026-05-01 14:30:07]  Успешно записано: день 2024-01-29, режим append
[2026-05-01 14:30:07]  Текущая версия Delta-таблицы: 59
[2026-05-01 14:30:07]  Обработка дня: 2024-01-30
[2026-05-01 14:30:07]  Успешно записано: день 2024-01-30, режим append
[2026-05-01 14:30:07]  Текущая версия Delta-таблицы: 60
[2026-05-01 14:30:07]  Обработка дня: 2024-01-31
[2026-05-01 14:30:07]  Успешно записано: день 2024-01-31, режим append
[2026-05-01 14:30:07]  Текущая версия Delta-таблицы: 61
[2026-05-01 14:30:07]  ЗАГРУЗКА BRONZE ЗАВЕРШЕНА 
[2026-05-01 14:30:07]  Всего версий в истории: 62
[2026-05-01 14:30:07] Последние 5 версий:
[2026-05-01 14:30:07]   В 1777658961950 → версия 4 (оп: WRITE)
[2026-05-01 14:30:07]   В 1777658961795 → версия 3 (оп: WRITE)
[2026-05-01 14:30:07]   В 1777658961643 → версия 2 (оп: WRITE)
[2026-05-01 14:30:07]   В 1777658961486 → версия 1 (оп: WRITE)
[2026-05-01 14:30:07]   В 1777658961317 → версия 0 (оп: WRITE)
[2026-05-01 14:31:02]  НАЧАЛО ЗАГРУЗКИ BRONZE (по дням) 
[2026-05-01 14:31:02] Найдено файлов (дней): 31
[2026-05-01 14:31:02]  Обработка дня: 2024-01-01
[2026-05-01 14:31:02]  Успешно записано: день 2024-01-01, режим append
[2026-05-01 14:31:02]  Текущая версия Delta-таблицы: 62
[2026-05-01 14:31:02]  Обработка дня: 2024-01-02
[2026-05-01 14:31:02]  Успешно записано: день 2024-01-02, режим append
[2026-05-01 14:31:02]  Текущая версия Delta-таблицы: 63
[2026-05-01 14:31:02]  Обработка дня: 2024-01-03
[2026-05-01 14:31:02]  Успешно записано: день 2024-01-03, режим append
[2026-05-01 14:31:02]  Текущая версия Delta-таблицы: 64
[2026-05-01 14:31:02]  Обработка дня: 2024-01-04
[2026-05-01 14:31:03]  Успешно записано: день 2024-01-04, режим append
[2026-05-01 14:31:03]  Текущая версия Delta-таблицы: 65
[2026-05-01 14:31:03]  Обработка дня: 2024-01-05
[2026-05-01 14:31:03]  Успешно записано: день 2024-01-05, режим append
[2026-05-01 14:31:03]  Текущая версия Delta-таблицы: 66
[2026-05-01 14:31:03]  Обработка дня: 2024-01-06
[2026-05-01 14:31:03]  Успешно записано: день 2024-01-06, режим append
[2026-05-01 14:31:03]  Текущая версия Delta-таблицы: 67
[2026-05-01 14:31:03]  Обработка дня: 2024-01-07
[2026-05-01 14:31:03]  Успешно записано: день 2024-01-07, режим append
[2026-05-01 14:31:03]  Текущая версия Delta-таблицы: 68
[2026-05-01 14:31:03]  Обработка дня: 2024-01-08
[2026-05-01 14:31:03]  Успешно записано: день 2024-01-08, режим append
[2026-05-01 14:31:03]  Текущая версия Delta-таблицы: 69
[2026-05-01 14:31:03]  Обработка дня: 2024-01-09
[2026-05-01 14:31:04]  Успешно записано: день 2024-01-09, режим append
[2026-05-01 14:31:04]  Текущая версия Delta-таблицы: 70
[2026-05-01 14:31:04]  Обработка дня: 2024-01-10
[2026-05-01 14:31:04]  Успешно записано: день 2024-01-10, режим append
[2026-05-01 14:31:04]  Текущая версия Delta-таблицы: 71
[2026-05-01 14:31:04]  Обработка дня: 2024-01-11
[2026-05-01 14:31:04]  Успешно записано: день 2024-01-11, режим append
[2026-05-01 14:31:04]  Текущая версия Delta-таблицы: 72
[2026-05-01 14:31:04]  Обработка дня: 2024-01-12
[2026-05-01 14:31:04]  Успешно записано: день 2024-01-12, режим append
[2026-05-01 14:31:04]  Текущая версия Delta-таблицы: 73
[2026-05-01 14:31:04]  Обработка дня: 2024-01-13
[2026-05-01 14:31:04]  Успешно записано: день 2024-01-13, режим append
[2026-05-01 14:31:04]  Текущая версия Delta-таблицы: 74
[2026-05-01 14:31:04]  Обработка дня: 2024-01-14
[2026-05-01 14:31:04]  Успешно записано: день 2024-01-14, режим append
[2026-05-01 14:31:04]  Текущая версия Delta-таблицы: 75
[2026-05-01 14:31:04]  Обработка дня: 2024-01-15
[2026-05-01 14:31:05]  Успешно записано: день 2024-01-15, режим append
[2026-05-01 14:31:05]  Текущая версия Delta-таблицы: 76
[2026-05-01 14:31:05]  Обработка дня: 2024-01-16
[2026-05-01 14:31:05]  Успешно записано: день 2024-01-16, режим append
[2026-05-01 14:31:05]  Текущая версия Delta-таблицы: 77
[2026-05-01 14:31:05]  Обработка дня: 2024-01-17
[2026-05-01 14:31:05]  Успешно записано: день 2024-01-17, режим append
[2026-05-01 14:31:05]  Текущая версия Delta-таблицы: 78
[2026-05-01 14:31:05]  Обработка дня: 2024-01-18
[2026-05-01 14:31:05]  Успешно записано: день 2024-01-18, режим append
[2026-05-01 14:31:05]  Текущая версия Delta-таблицы: 79
[2026-05-01 14:31:05]  Обработка дня: 2024-01-19
[2026-05-01 14:31:05]  Успешно записано: день 2024-01-19, режим append
[2026-05-01 14:31:05]  Текущая версия Delta-таблицы: 80
[2026-05-01 14:31:05]  Обработка дня: 2024-01-20
[2026-05-01 14:31:06]  Успешно записано: день 2024-01-20, режим append
[2026-05-01 14:31:06]  Текущая версия Delta-таблицы: 81
[2026-05-01 14:31:06]  Обработка дня: 2024-01-21
[2026-05-01 14:31:06]  Успешно записано: день 2024-01-21, режим append
[2026-05-01 14:31:06]  Текущая версия Delta-таблицы: 82
[2026-05-01 14:31:06]  Обработка дня: 2024-01-22
[2026-05-01 14:31:06]  Успешно записано: день 2024-01-22, режим append
[2026-05-01 14:31:06]  Текущая версия Delta-таблицы: 83
[2026-05-01 14:31:06]  Обработка дня: 2024-01-23
[2026-05-01 14:31:06]  Успешно записано: день 2024-01-23, режим append
[2026-05-01 14:31:06]  Текущая версия Delta-таблицы: 84
[2026-05-01 14:31:06]  Обработка дня: 2024-01-24
[2026-05-01 14:31:06]  Успешно записано: день 2024-01-24, режим append
[2026-05-01 14:31:06]  Текущая версия Delta-таблицы: 85
[2026-05-01 14:31:06]  Обработка дня: 2024-01-25
[2026-05-01 14:31:06]  Успешно записано: день 2024-01-25, режим append
[2026-05-01 14:31:06]  Текущая версия Delta-таблицы: 86
[2026-05-01 14:31:06]  Обработка дня: 2024-01-26
[2026-05-01 14:31:07]  Успешно записано: день 2024-01-26, режим append
[2026-05-01 14:31:07]  Текущая версия Delta-таблицы: 87
[2026-05-01 14:31:07]  Обработка дня: 2024-01-27
[2026-05-01 14:31:07]  Успешно записано: день 2024-01-27, режим append
[2026-05-01 14:31:07]  Текущая версия Delta-таблицы: 88
[2026-05-01 14:31:07]  Обработка дня: 2024-01-28
[2026-05-01 14:31:07]  Успешно записано: день 2024-01-28, режим append
[2026-05-01 14:31:07]  Текущая версия Delta-таблицы: 89
[2026-05-01 14:31:07]  Обработка дня: 2024-01-29
[2026-05-01 14:31:07]  Успешно записано: день 2024-01-29, режим append
[2026-05-01 14:31:07]  Текущая версия Delta-таблицы: 90
[2026-05-01 14:31:07]  Обработка дня: 2024-01-30
[2026-05-01 14:31:07]  Успешно записано: день 2024-01-30, режим append
[2026-05-01 14:31:07]  Текущая версия Delta-таблицы: 91
[2026-05-01 14:31:07]  Обработка дня: 2024-01-31
[2026-05-01 14:31:08]  Успешно записано: день 2024-01-31, режим append
[2026-05-01 14:31:08]  Текущая версия Delta-таблицы: 92
[2026-05-01 14:31:08]  ЗАГРУЗКА BRONZE ЗАВЕРШЕНА 
[2026-05-01 14:31:08]  Всего версий в истории: 93
[2026-05-01 14:31:08] Последние 5 версий:
[2026-05-01 14:31:08]   В 1777658961950 → версия 4 (оп: WRITE)
[2026-05-01 14:31:08]   В 1777658961795 → версия 3 (оп: WRITE)
[2026-05-01 14:31:08]   В 1777658961643 → версия 2 (оп: WRITE)
[2026-05-01 14:31:08]   В 1777658961486 → версия 1 (оп: WRITE)
[2026-05-01 14:31:08]   В 1777658961317 → версия 0 (оп: WRITE)
[2026-05-01 14:32:22]  НАЧАЛО ЗАГРУЗКИ BRONZE (по дням) 
[2026-05-01 14:32:22] Найдено файлов (дней): 31
[2026-05-01 14:32:22]  Обработка дня: 2024-01-01
[2026-05-01 14:32:22]  Успешно записано: день 2024-01-01, режим append
[2026-05-01 14:32:22]  Текущая версия Delta-таблицы: 93
[2026-05-01 14:32:22]  Обработка дня: 2024-01-02
[2026-05-01 14:32:23]  Успешно записано: день 2024-01-02, режим append
[2026-05-01 14:32:23]  Текущая версия Delta-таблицы: 94
[2026-05-01 14:32:23]  Обработка дня: 2024-01-03
[2026-05-01 14:32:23]  Успешно записано: день 2024-01-03, режим append
[2026-05-01 14:32:23]  Текущая версия Delta-таблицы: 95
[2026-05-01 14:32:23]  Обработка дня: 2024-01-04
[2026-05-01 14:32:23]  Успешно записано: день 2024-01-04, режим append
[2026-05-01 14:32:23]  Текущая версия Delta-таблицы: 96
[2026-05-01 14:32:23]  Обработка дня: 2024-01-05
[2026-05-01 14:32:23]  Успешно записано: день 2024-01-05, режим append
[2026-05-01 14:32:23]  Текущая версия Delta-таблицы: 97
[2026-05-01 14:32:23]  Обработка дня: 2024-01-06
[2026-05-01 14:32:23]  Успешно записано: день 2024-01-06, режим append
[2026-05-01 14:32:23]  Текущая версия Delta-таблицы: 98
[2026-05-01 14:32:23]  Обработка дня: 2024-01-07
[2026-05-01 14:32:24]  Успешно записано: день 2024-01-07, режим append
[2026-05-01 14:32:24]  Текущая версия Delta-таблицы: 99
[2026-05-01 14:32:24]  Обработка дня: 2024-01-08
[2026-05-01 14:32:24]  Успешно записано: день 2024-01-08, режим append
[2026-05-01 14:32:24]  Текущая версия Delta-таблицы: 100
[2026-05-01 14:32:24]  Обработка дня: 2024-01-09
[2026-05-01 14:32:24]  Успешно записано: день 2024-01-09, режим append
[2026-05-01 14:32:24]  Текущая версия Delta-таблицы: 101
[2026-05-01 14:32:24]  Обработка дня: 2024-01-10
[2026-05-01 14:32:24]  Успешно записано: день 2024-01-10, режим append
[2026-05-01 14:32:24]  Текущая версия Delta-таблицы: 102
[2026-05-01 14:32:24]  Обработка дня: 2024-01-11
[2026-05-01 14:32:24]  Успешно записано: день 2024-01-11, режим append
[2026-05-01 14:32:24]  Текущая версия Delta-таблицы: 103
[2026-05-01 14:32:24]  Обработка дня: 2024-01-12
[2026-05-01 14:32:24]  Успешно записано: день 2024-01-12, режим append
[2026-05-01 14:32:24]  Текущая версия Delta-таблицы: 104
[2026-05-01 14:32:24]  Обработка дня: 2024-01-13
[2026-05-01 14:32:25]  Успешно записано: день 2024-01-13, режим append
[2026-05-01 14:32:25]  Текущая версия Delta-таблицы: 105
[2026-05-01 14:32:25]  Обработка дня: 2024-01-14
[2026-05-01 14:32:25]  Успешно записано: день 2024-01-14, режим append
[2026-05-01 14:32:25]  Текущая версия Delta-таблицы: 106
[2026-05-01 14:32:25]  Обработка дня: 2024-01-15
[2026-05-01 14:32:25]  Успешно записано: день 2024-01-15, режим append
[2026-05-01 14:32:25]  Текущая версия Delta-таблицы: 107
[2026-05-01 14:32:25]  Обработка дня: 2024-01-16
[2026-05-01 14:32:25]  Успешно записано: день 2024-01-16, режим append
[2026-05-01 14:32:25]  Текущая версия Delta-таблицы: 108
[2026-05-01 14:32:25]  Обработка дня: 2024-01-17
[2026-05-01 14:32:25]  Успешно записано: день 2024-01-17, режим append
[2026-05-01 14:32:25]  Текущая версия Delta-таблицы: 109
[2026-05-01 14:32:25]  Обработка дня: 2024-01-18
[2026-05-01 14:32:25]  Успешно записано: день 2024-01-18, режим append
[2026-05-01 14:32:25]  Текущая версия Delta-таблицы: 110
[2026-05-01 14:32:25]  Обработка дня: 2024-01-19
[2026-05-01 14:32:26]  Успешно записано: день 2024-01-19, режим append
[2026-05-01 14:32:26]  Текущая версия Delta-таблицы: 111
[2026-05-01 14:32:26]  Обработка дня: 2024-01-20
[2026-05-01 14:32:26]  Успешно записано: день 2024-01-20, режим append
[2026-05-01 14:32:26]  Текущая версия Delta-таблицы: 112
[2026-05-01 14:32:26]  Обработка дня: 2024-01-21
[2026-05-01 14:32:26]  Успешно записано: день 2024-01-21, режим append
[2026-05-01 14:32:26]  Текущая версия Delta-таблицы: 113
[2026-05-01 14:32:26]  Обработка дня: 2024-01-22
[2026-05-01 14:32:26]  Успешно записано: день 2024-01-22, режим append
[2026-05-01 14:32:26]  Текущая версия Delta-таблицы: 114
[2026-05-01 14:32:26]  Обработка дня: 2024-01-23
[2026-05-01 14:32:26]  Успешно записано: день 2024-01-23, режим append
[2026-05-01 14:32:26]  Текущая версия Delta-таблицы: 115
[2026-05-01 14:32:26]  Обработка дня: 2024-01-24
[2026-05-01 14:32:26]  Успешно записано: день 2024-01-24, режим append
[2026-05-01 14:32:26]  Текущая версия Delta-таблицы: 116
[2026-05-01 14:32:26]  Обработка дня: 2024-01-25
[2026-05-01 14:32:26]  Успешно записано: день 2024-01-25, режим append
[2026-05-01 14:32:27]  Текущая версия Delta-таблицы: 117
[2026-05-01 14:32:27]  Обработка дня: 2024-01-26
[2026-05-01 14:32:27]  Успешно записано: день 2024-01-26, режим append
[2026-05-01 14:32:27]  Текущая версия Delta-таблицы: 118
[2026-05-01 14:32:27]  Обработка дня: 2024-01-27
[2026-05-01 14:32:27]  Успешно записано: день 2024-01-27, режим append
[2026-05-01 14:32:27]  Текущая версия Delta-таблицы: 119
[2026-05-01 14:32:27]  Обработка дня: 2024-01-28
[2026-05-01 14:32:27]  Успешно записано: день 2024-01-28, режим append
[2026-05-01 14:32:27]  Текущая версия Delta-таблицы: 120
[2026-05-01 14:32:27]  Обработка дня: 2024-01-29
[2026-05-01 14:32:27]  Успешно записано: день 2024-01-29, режим append
[2026-05-01 14:32:27]  Текущая версия Delta-таблицы: 121
[2026-05-01 14:32:27]  Обработка дня: 2024-01-30
[2026-05-01 14:32:27]  Успешно записано: день 2024-01-30, режим append
[2026-05-01 14:32:27]  Текущая версия Delta-таблицы: 122
[2026-05-01 14:32:27]  Обработка дня: 2024-01-31
[2026-05-01 14:32:27]  Успешно записано: день 2024-01-31, режим append
[2026-05-01 14:32:27]  Текущая версия Delta-таблицы: 123
[2026-05-01 14:32:27]  ЗАГРУЗКА BRONZE ЗАВЕРШЕНА 
[2026-05-01 14:32:28]  Всего версий в истории: 124
[2026-05-01 14:32:28] Последние 5 версий:
[2026-05-01 14:32:28]   В 1777658961950 → версия 4 (оп: WRITE)
[2026-05-01 14:32:28]   В 1777658961795 → версия 3 (оп: WRITE)
[2026-05-01 14:32:28]   В 1777658961643 → версия 2 (оп: WRITE)
[2026-05-01 14:32:28]   В 1777658961486 → версия 1 (оп: WRITE)
[2026-05-01 14:32:28]   В 1777658961317 → версия 0 (оп: WRITE)
[2026-05-01 14:33:24]  НАЧАЛО ЗАГРУЗКИ BRONZE (по дням) 
[2026-05-01 14:33:24] Найдено файлов (дней): 31
[2026-05-01 14:33:24]  Обработка дня: 2024-01-01
[2026-05-01 14:33:25]  Успешно записано: день 2024-01-01, режим append
[2026-05-01 14:33:25]  Текущая версия Delta-таблицы: 124
[2026-05-01 14:33:25]  Обработка дня: 2024-01-02
[2026-05-01 14:33:25]  Успешно записано: день 2024-01-02, режим append
[2026-05-01 14:33:25]  Текущая версия Delta-таблицы: 125
[2026-05-01 14:33:25]  Обработка дня: 2024-01-03
[2026-05-01 14:33:25]  Успешно записано: день 2024-01-03, режим append
[2026-05-01 14:33:25]  Текущая версия Delta-таблицы: 126
[2026-05-01 14:33:25]  Обработка дня: 2024-01-04
[2026-05-01 14:33:25]  Успешно записано: день 2024-01-04, режим append
[2026-05-01 14:33:25]  Текущая версия Delta-таблицы: 127
[2026-05-01 14:33:25]  Обработка дня: 2024-01-05
[2026-05-01 14:33:25]  Успешно записано: день 2024-01-05, режим append
[2026-05-01 14:33:25]  Текущая версия Delta-таблицы: 128
[2026-05-01 14:33:25]  Обработка дня: 2024-01-06
[2026-05-01 14:33:25]  Успешно записано: день 2024-01-06, режим append
[2026-05-01 14:33:25]  Текущая версия Delta-таблицы: 129
[2026-05-01 14:33:26]  Обработка дня: 2024-01-07
[2026-05-01 14:33:26]  Успешно записано: день 2024-01-07, режим append
[2026-05-01 14:33:26]  Текущая версия Delta-таблицы: 130
[2026-05-01 14:33:26]  Обработка дня: 2024-01-08
[2026-05-01 14:33:26]  Успешно записано: день 2024-01-08, режим append
[2026-05-01 14:33:26]  Текущая версия Delta-таблицы: 131
[2026-05-01 14:33:26]  Обработка дня: 2024-01-09
[2026-05-01 14:33:26]  Успешно записано: день 2024-01-09, режим append
[2026-05-01 14:33:26]  Текущая версия Delta-таблицы: 132
[2026-05-01 14:33:26]  Обработка дня: 2024-01-10
[2026-05-01 14:33:26]  Успешно записано: день 2024-01-10, режим append
[2026-05-01 14:33:26]  Текущая версия Delta-таблицы: 133
[2026-05-01 14:33:26]  Обработка дня: 2024-01-11
[2026-05-01 14:33:26]  Успешно записано: день 2024-01-11, режим append
[2026-05-01 14:33:26]  Текущая версия Delta-таблицы: 134
[2026-05-01 14:33:26]  Обработка дня: 2024-01-12
[2026-05-01 14:33:27]  Успешно записано: день 2024-01-12, режим append
[2026-05-01 14:33:27]  Текущая версия Delta-таблицы: 135
[2026-05-01 14:33:27]  Обработка дня: 2024-01-13
[2026-05-01 14:33:27]  Успешно записано: день 2024-01-13, режим append
[2026-05-01 14:33:27]  Текущая версия Delta-таблицы: 136
[2026-05-01 14:33:27]  Обработка дня: 2024-01-14
[2026-05-01 14:33:27]  Успешно записано: день 2024-01-14, режим append
[2026-05-01 14:33:27]  Текущая версия Delta-таблицы: 137
[2026-05-01 14:33:27]  Обработка дня: 2024-01-15
[2026-05-01 14:33:27]  Успешно записано: день 2024-01-15, режим append
[2026-05-01 14:33:27]  Текущая версия Delta-таблицы: 138
[2026-05-01 14:33:27]  Обработка дня: 2024-01-16
[2026-05-01 14:33:27]  Успешно записано: день 2024-01-16, режим append
[2026-05-01 14:33:27]  Текущая версия Delta-таблицы: 139
[2026-05-01 14:33:27]  Обработка дня: 2024-01-17
[2026-05-01 14:33:27]  Успешно записано: день 2024-01-17, режим append
[2026-05-01 14:33:27]  Текущая версия Delta-таблицы: 140
[2026-05-01 14:33:27]  Обработка дня: 2024-01-18
[2026-05-01 14:33:28]  Успешно записано: день 2024-01-18, режим append
[2026-05-01 14:33:28]  Текущая версия Delta-таблицы: 141
[2026-05-01 14:33:28]  Обработка дня: 2024-01-19
[2026-05-01 14:33:28]  Успешно записано: день 2024-01-19, режим append
[2026-05-01 14:33:28]  Текущая версия Delta-таблицы: 142
[2026-05-01 14:33:28]  Обработка дня: 2024-01-20
[2026-05-01 14:33:28]  Успешно записано: день 2024-01-20, режим append
[2026-05-01 14:33:28]  Текущая версия Delta-таблицы: 143
[2026-05-01 14:33:28]  Обработка дня: 2024-01-21
[2026-05-01 14:33:28]  Успешно записано: день 2024-01-21, режим append
[2026-05-01 14:33:28]  Текущая версия Delta-таблицы: 144
[2026-05-01 14:33:28]  Обработка дня: 2024-01-22
[2026-05-01 14:33:28]  Успешно записано: день 2024-01-22, режим append
[2026-05-01 14:33:28]  Текущая версия Delta-таблицы: 145
[2026-05-01 14:33:28]  Обработка дня: 2024-01-23
[2026-05-01 14:33:28]  Успешно записано: день 2024-01-23, режим append
[2026-05-01 14:33:28]  Текущая версия Delta-таблицы: 146
[2026-05-01 14:33:28]  Обработка дня: 2024-01-24
[2026-05-01 14:33:29]  Успешно записано: день 2024-01-24, режим append
[2026-05-01 14:33:29]  Текущая версия Delta-таблицы: 147
[2026-05-01 14:33:29]  Обработка дня: 2024-01-25
[2026-05-01 14:33:29]  Успешно записано: день 2024-01-25, режим append
[2026-05-01 14:33:29]  Текущая версия Delta-таблицы: 148
[2026-05-01 14:33:29]  Обработка дня: 2024-01-26
[2026-05-01 14:33:29]  Успешно записано: день 2024-01-26, режим append
[2026-05-01 14:33:29]  Текущая версия Delta-таблицы: 149
[2026-05-01 14:33:29]  Обработка дня: 2024-01-27
[2026-05-01 14:33:29]  Успешно записано: день 2024-01-27, режим append
[2026-05-01 14:33:29]  Текущая версия Delta-таблицы: 150
[2026-05-01 14:33:29]  Обработка дня: 2024-01-28
[2026-05-01 14:33:29]  Успешно записано: день 2024-01-28, режим append
[2026-05-01 14:33:29]  Текущая версия Delta-таблицы: 151
[2026-05-01 14:33:29]  Обработка дня: 2024-01-29
[2026-05-01 14:33:29]  Успешно записано: день 2024-01-29, режим append
[2026-05-01 14:33:29]  Текущая версия Delta-таблицы: 152
[2026-05-01 14:33:29]  Обработка дня: 2024-01-30
[2026-05-01 14:33:30]  Успешно записано: день 2024-01-30, режим append
[2026-05-01 14:33:30]  Текущая версия Delta-таблицы: 153
[2026-05-01 14:33:30]  Обработка дня: 2024-01-31
[2026-05-01 14:33:30]  Успешно записано: день 2024-01-31, режим append
[2026-05-01 14:33:30]  Текущая версия Delta-таблицы: 154
[2026-05-01 14:33:30]  ЗАГРУЗКА BRONZE ЗАВЕРШЕНА 
[2026-05-01 14:33:30]  Всего версий в истории: 155
[2026-05-01 14:33:30] Последние 5 версий:
[2026-05-01 14:33:30]   В 1777658961950 → версия 4 (оп: WRITE)
[2026-05-01 14:33:30]   В 1777658961795 → версия 3 (оп: WRITE)
[2026-05-01 14:33:30]   В 1777658961643 → версия 2 (оп: WRITE)
[2026-05-01 14:33:30]   В 1777658961486 → версия 1 (оп: WRITE)
[2026-05-01 14:33:30]   В 1777658961317 → версия 0 (оп: WRITE)
[2026-05-01 14:38:06]  НАЧАЛО ЗАГРУЗКИ BRONZE (по дням) 
[2026-05-01 14:38:06] Найдено файлов (дней): 31
[2026-05-01 14:38:06]  Обработка дня: 2024-01-01
[2026-05-01 14:38:06]  Успешно записано: день 2024-01-01, режим append
[2026-05-01 14:38:06]  Текущая версия Delta-таблицы: 155
[2026-05-01 14:38:06]  Обработка дня: 2024-01-02
[2026-05-01 14:38:07]  Успешно записано: день 2024-01-02, режим append
[2026-05-01 14:38:07]  Текущая версия Delta-таблицы: 156
[2026-05-01 14:38:07]  Обработка дня: 2024-01-03
[2026-05-01 14:38:07]  Успешно записано: день 2024-01-03, режим append
[2026-05-01 14:38:07]  Текущая версия Delta-таблицы: 157
[2026-05-01 14:38:07]  Обработка дня: 2024-01-04
[2026-05-01 14:38:07]  Успешно записано: день 2024-01-04, режим append
[2026-05-01 14:38:07]  Текущая версия Delta-таблицы: 158
[2026-05-01 14:38:07]  Обработка дня: 2024-01-05
[2026-05-01 14:38:07]  Успешно записано: день 2024-01-05, режим append
[2026-05-01 14:38:07]  Текущая версия Delta-таблицы: 159
[2026-05-01 14:38:07]  Обработка дня: 2024-01-06
[2026-05-01 14:38:07]  Успешно записано: день 2024-01-06, режим append
[2026-05-01 14:38:07]  Текущая версия Delta-таблицы: 160
[2026-05-01 14:38:07]  Обработка дня: 2024-01-07
[2026-05-01 14:38:08]  Успешно записано: день 2024-01-07, режим append
[2026-05-01 14:38:08]  Текущая версия Delta-таблицы: 161
[2026-05-01 14:38:08]  Обработка дня: 2024-01-08
[2026-05-01 14:38:08]  Успешно записано: день 2024-01-08, режим append
[2026-05-01 14:38:08]  Текущая версия Delta-таблицы: 162
[2026-05-01 14:38:08]  Обработка дня: 2024-01-09
[2026-05-01 14:38:08]  Успешно записано: день 2024-01-09, режим append
[2026-05-01 14:38:08]  Текущая версия Delta-таблицы: 163
[2026-05-01 14:38:08]  Обработка дня: 2024-01-10
[2026-05-01 14:38:08]  Успешно записано: день 2024-01-10, режим append
[2026-05-01 14:38:08]  Текущая версия Delta-таблицы: 164
[2026-05-01 14:38:08]  Обработка дня: 2024-01-11
[2026-05-01 14:38:08]  Успешно записано: день 2024-01-11, режим append
[2026-05-01 14:38:08]  Текущая версия Delta-таблицы: 165
[2026-05-01 14:38:08]  Обработка дня: 2024-01-12
[2026-05-01 14:38:08]  Успешно записано: день 2024-01-12, режим append
[2026-05-01 14:38:08]  Текущая версия Delta-таблицы: 166
[2026-05-01 14:38:08]  Обработка дня: 2024-01-13
[2026-05-01 14:38:09]  Успешно записано: день 2024-01-13, режим append
[2026-05-01 14:38:09]  Текущая версия Delta-таблицы: 167
[2026-05-01 14:38:09]  Обработка дня: 2024-01-14
[2026-05-01 14:38:09]  Успешно записано: день 2024-01-14, режим append
[2026-05-01 14:38:09]  Текущая версия Delta-таблицы: 168
[2026-05-01 14:38:09]  Обработка дня: 2024-01-15
[2026-05-01 14:38:09]  Успешно записано: день 2024-01-15, режим append
[2026-05-01 14:38:09]  Текущая версия Delta-таблицы: 169
[2026-05-01 14:38:09]  Обработка дня: 2024-01-16
[2026-05-01 14:38:09]  Успешно записано: день 2024-01-16, режим append
[2026-05-01 14:38:09]  Текущая версия Delta-таблицы: 170
[2026-05-01 14:38:09]  Обработка дня: 2024-01-17
[2026-05-01 14:38:09]  Успешно записано: день 2024-01-17, режим append
[2026-05-01 14:38:09]  Текущая версия Delta-таблицы: 171
[2026-05-01 14:38:09]  Обработка дня: 2024-01-18
[2026-05-01 14:38:10]  Успешно записано: день 2024-01-18, режим append
[2026-05-01 14:38:10]  Текущая версия Delta-таблицы: 172
[2026-05-01 14:38:10]  Обработка дня: 2024-01-19
[2026-05-01 14:38:10]  Успешно записано: день 2024-01-19, режим append
[2026-05-01 14:38:10]  Текущая версия Delta-таблицы: 173
[2026-05-01 14:38:10]  Обработка дня: 2024-01-20
[2026-05-01 14:38:10]  Успешно записано: день 2024-01-20, режим append
[2026-05-01 14:38:10]  Текущая версия Delta-таблицы: 174
[2026-05-01 14:38:10]  Обработка дня: 2024-01-21
[2026-05-01 14:38:10]  Успешно записано: день 2024-01-21, режим append
[2026-05-01 14:38:10]  Текущая версия Delta-таблицы: 175
[2026-05-01 14:38:10]  Обработка дня: 2024-01-22
[2026-05-01 14:38:10]  Успешно записано: день 2024-01-22, режим append
[2026-05-01 14:38:10]  Текущая версия Delta-таблицы: 176
[2026-05-01 14:38:10]  Обработка дня: 2024-01-23
[2026-05-01 14:38:10]  Успешно записано: день 2024-01-23, режим append
[2026-05-01 14:38:10]  Текущая версия Delta-таблицы: 177
[2026-05-01 14:38:10]  Обработка дня: 2024-01-24
[2026-05-01 14:38:11]  Успешно записано: день 2024-01-24, режим append
[2026-05-01 14:38:11]  Текущая версия Delta-таблицы: 178
[2026-05-01 14:38:11]  Обработка дня: 2024-01-25
[2026-05-01 14:38:11]  Успешно записано: день 2024-01-25, режим append
[2026-05-01 14:38:11]  Текущая версия Delta-таблицы: 179
[2026-05-01 14:38:11]  Обработка дня: 2024-01-26
[2026-05-01 14:38:11]  Успешно записано: день 2024-01-26, режим append
[2026-05-01 14:38:11]  Текущая версия Delta-таблицы: 180
[2026-05-01 14:38:11]  Обработка дня: 2024-01-27
[2026-05-01 14:38:11]  Успешно записано: день 2024-01-27, режим append
[2026-05-01 14:38:11]  Текущая версия Delta-таблицы: 181
[2026-05-01 14:38:11]  Обработка дня: 2024-01-28
[2026-05-01 14:38:11]  Успешно записано: день 2024-01-28, режим append
[2026-05-01 14:38:11]  Текущая версия Delta-таблицы: 182
[2026-05-01 14:38:11]  Обработка дня: 2024-01-29
[2026-05-01 14:38:12]  Успешно записано: день 2024-01-29, режим append
[2026-05-01 14:38:12]  Текущая версия Delta-таблицы: 183
[2026-05-01 14:38:12]  Обработка дня: 2024-01-30
[2026-05-01 14:38:12]  Успешно записано: день 2024-01-30, режим append
[2026-05-01 14:38:12]  Текущая версия Delta-таблицы: 184
[2026-05-01 14:38:12]  Обработка дня: 2024-01-31
[2026-05-01 14:38:12]  Успешно записано: день 2024-01-31, режим append
[2026-05-01 14:38:12]  Текущая версия Delta-таблицы: 185
[2026-05-01 14:38:12]  ЗАГРУЗКА BRONZE ЗАВЕРШЕНА 
[2026-05-01 14:38:12]  Всего версий в истории: 186
[2026-05-01 14:38:12] Последние 5 версий:
[2026-05-01 14:38:12]   В 1777658961950 → версия 4 (оп: WRITE)
[2026-05-01 14:38:12]   В 1777658961795 → версия 3 (оп: WRITE)
[2026-05-01 14:38:12]   В 1777658961643 → версия 2 (оп: WRITE)
[2026-05-01 14:38:12]   В 1777658961486 → версия 1 (оп: WRITE)
[2026-05-01 14:38:12]   В 1777658961317 → версия 0 (оп: WRITE)
[2026-05-01 14:51:14]  НАЧАЛО ЗАГРУЗКИ BRONZE (по дням) 
[2026-05-01 14:51:14] Найдено файлов (дней): 31
[2026-05-01 14:51:14]  Обработка дня: 2024-01-01
[2026-05-01 14:51:14]  Успешно записано: день 2024-01-01, режим append
[2026-05-01 14:51:14]  Текущая версия Delta-таблицы: 186
[2026-05-01 14:51:14]  Обработка дня: 2024-01-02
[2026-05-01 14:51:15]  Успешно записано: день 2024-01-02, режим append
[2026-05-01 14:51:15]  Текущая версия Delta-таблицы: 187
[2026-05-01 14:51:15]  Обработка дня: 2024-01-03
[2026-05-01 14:51:15]  Успешно записано: день 2024-01-03, режим append
[2026-05-01 14:51:15]  Текущая версия Delta-таблицы: 188
[2026-05-01 14:51:15]  Обработка дня: 2024-01-04
[2026-05-01 14:51:15]  Успешно записано: день 2024-01-04, режим append
[2026-05-01 14:51:15]  Текущая версия Delta-таблицы: 189
[2026-05-01 14:51:15]  Обработка дня: 2024-01-05
[2026-05-01 14:51:15]  Успешно записано: день 2024-01-05, режим append
[2026-05-01 14:51:15]  Текущая версия Delta-таблицы: 190
[2026-05-01 14:51:15]  Обработка дня: 2024-01-06
[2026-05-01 14:51:15]  Успешно записано: день 2024-01-06, режим append
[2026-05-01 14:51:15]  Текущая версия Delta-таблицы: 191
[2026-05-01 14:51:15]  Обработка дня: 2024-01-07
[2026-05-01 14:51:15]  Успешно записано: день 2024-01-07, режим append
[2026-05-01 14:51:16]  Текущая версия Delta-таблицы: 192
[2026-05-01 14:51:16]  Обработка дня: 2024-01-08
[2026-05-01 14:51:16]  Успешно записано: день 2024-01-08, режим append
[2026-05-01 14:51:16]  Текущая версия Delta-таблицы: 193
[2026-05-01 14:51:16]  Обработка дня: 2024-01-09
[2026-05-01 14:51:16]  Успешно записано: день 2024-01-09, режим append
[2026-05-01 14:51:16]  Текущая версия Delta-таблицы: 194
[2026-05-01 14:51:16]  Обработка дня: 2024-01-10
[2026-05-01 14:51:16]  Успешно записано: день 2024-01-10, режим append
[2026-05-01 14:51:16]  Текущая версия Delta-таблицы: 195
[2026-05-01 14:51:16]  Обработка дня: 2024-01-11
[2026-05-01 14:51:16]  Успешно записано: день 2024-01-11, режим append
[2026-05-01 14:51:16]  Текущая версия Delta-таблицы: 196
[2026-05-01 14:51:16]  Обработка дня: 2024-01-12
[2026-05-01 14:51:16]  Успешно записано: день 2024-01-12, режим append
[2026-05-01 14:51:16]  Текущая версия Delta-таблицы: 197
[2026-05-01 14:51:16]  Обработка дня: 2024-01-13
[2026-05-01 14:51:17]  Успешно записано: день 2024-01-13, режим append
[2026-05-01 14:51:17]  Текущая версия Delta-таблицы: 198
[2026-05-01 14:51:17]  Обработка дня: 2024-01-14
[2026-05-01 14:51:17]  Успешно записано: день 2024-01-14, режим append
[2026-05-01 14:51:17]  Текущая версия Delta-таблицы: 199
[2026-05-01 14:51:17]  Обработка дня: 2024-01-15
[2026-05-01 14:51:17]  Успешно записано: день 2024-01-15, режим append
[2026-05-01 14:51:17]  Текущая версия Delta-таблицы: 200
[2026-05-01 14:51:17]  Обработка дня: 2024-01-16
[2026-05-01 14:51:17]  Успешно записано: день 2024-01-16, режим append
[2026-05-01 14:51:17]  Текущая версия Delta-таблицы: 201
[2026-05-01 14:51:17]  Обработка дня: 2024-01-17
[2026-05-01 14:51:17]  Успешно записано: день 2024-01-17, режим append
[2026-05-01 14:51:17]  Текущая версия Delta-таблицы: 202
[2026-05-01 14:51:17]  Обработка дня: 2024-01-18
[2026-05-01 14:51:18]  Успешно записано: день 2024-01-18, режим append
[2026-05-01 14:51:18]  Текущая версия Delta-таблицы: 203
[2026-05-01 14:51:18]  Обработка дня: 2024-01-19
[2026-05-01 14:51:18]  Успешно записано: день 2024-01-19, режим append
[2026-05-01 14:51:18]  Текущая версия Delta-таблицы: 204
[2026-05-01 14:51:18]  Обработка дня: 2024-01-20
[2026-05-01 14:51:18]  Успешно записано: день 2024-01-20, режим append
[2026-05-01 14:51:18]  Текущая версия Delta-таблицы: 205
[2026-05-01 14:51:18]  Обработка дня: 2024-01-21
[2026-05-01 14:51:18]  Успешно записано: день 2024-01-21, режим append
[2026-05-01 14:51:18]  Текущая версия Delta-таблицы: 206
[2026-05-01 14:51:18]  Обработка дня: 2024-01-22
[2026-05-01 14:51:18]  Успешно записано: день 2024-01-22, режим append
[2026-05-01 14:51:18]  Текущая версия Delta-таблицы: 207
[2026-05-01 14:51:18]  Обработка дня: 2024-01-23
[2026-05-01 14:51:18]  Успешно записано: день 2024-01-23, режим append
[2026-05-01 14:51:18]  Текущая версия Delta-таблицы: 208
[2026-05-01 14:51:18]  Обработка дня: 2024-01-24
[2026-05-01 14:51:19]  Успешно записано: день 2024-01-24, режим append
[2026-05-01 14:51:19]  Текущая версия Delta-таблицы: 209
[2026-05-01 14:51:19]  Обработка дня: 2024-01-25
[2026-05-01 14:51:19]  Успешно записано: день 2024-01-25, режим append
[2026-05-01 14:51:19]  Текущая версия Delta-таблицы: 210
[2026-05-01 14:51:19]  Обработка дня: 2024-01-26
[2026-05-01 14:51:19]  Успешно записано: день 2024-01-26, режим append
[2026-05-01 14:51:19]  Текущая версия Delta-таблицы: 211
[2026-05-01 14:51:19]  Обработка дня: 2024-01-27
[2026-05-01 14:51:19]  Успешно записано: день 2024-01-27, режим append
[2026-05-01 14:51:19]  Текущая версия Delta-таблицы: 212
[2026-05-01 14:51:19]  Обработка дня: 2024-01-28
[2026-05-01 14:51:19]  Успешно записано: день 2024-01-28, режим append
[2026-05-01 14:51:19]  Текущая версия Delta-таблицы: 213
[2026-05-01 14:51:19]  Обработка дня: 2024-01-29
[2026-05-01 14:51:19]  Успешно записано: день 2024-01-29, режим append
[2026-05-01 14:51:19]  Текущая версия Delta-таблицы: 214
[2026-05-01 14:51:19]  Обработка дня: 2024-01-30
[2026-05-01 14:51:20]  Успешно записано: день 2024-01-30, режим append
[2026-05-01 14:51:20]  Текущая версия Delta-таблицы: 215
[2026-05-01 14:51:20]  Обработка дня: 2024-01-31
[2026-05-01 14:51:20]  Успешно записано: день 2024-01-31, режим append
[2026-05-01 14:51:20]  Текущая версия Delta-таблицы: 216
[2026-05-01 14:51:20]  ЗАГРУЗКА BRONZE ЗАВЕРШЕНА 
[2026-05-01 14:51:20]  Всего версий в истории: 217
[2026-05-01 14:51:20] Последние 5 версий:
[2026-05-01 14:51:20]   В 1777658961950 → версия 4 (оп: WRITE)
[2026-05-01 14:51:20]   В 1777658961795 → версия 3 (оп: WRITE)
[2026-05-01 14:51:20]   В 1777658961643 → версия 2 (оп: WRITE)
[2026-05-01 14:51:20]   В 1777658961486 → версия 1 (оп: WRITE)
[2026-05-01 14:51:20]   В 1777658961317 → версия 0 (оп: WRITE)
[2026-05-01 22:08:20]  НАЧАЛО ЗАГРУЗКИ BRONZE (по дням) 
[2026-05-01 22:08:20] Найдено файлов (дней): 31
[2026-05-01 22:08:20]  Обработка дня: 2024-01-01
[2026-05-01 22:08:21]  Успешно записано: день 2024-01-01, режим append
[2026-05-01 22:08:21]  Текущая версия Delta-таблицы: 217
[2026-05-01 22:08:21]  Обработка дня: 2024-01-02
[2026-05-01 22:08:21]  Успешно записано: день 2024-01-02, режим append
[2026-05-01 22:08:21]  Текущая версия Delta-таблицы: 218
[2026-05-01 22:08:21]  Обработка дня: 2024-01-03
[2026-05-01 22:08:22]  Успешно записано: день 2024-01-03, режим append
[2026-05-01 22:08:22]  Текущая версия Delta-таблицы: 219
[2026-05-01 22:08:22]  Обработка дня: 2024-01-04
[2026-05-01 22:08:22]  Успешно записано: день 2024-01-04, режим append
[2026-05-01 22:08:22]  Текущая версия Delta-таблицы: 220
[2026-05-01 22:08:22]  Обработка дня: 2024-01-05
[2026-05-01 22:08:23]  Успешно записано: день 2024-01-05, режим append
[2026-05-01 22:08:23]  Текущая версия Delta-таблицы: 221
[2026-05-01 22:08:23]  Обработка дня: 2024-01-06
[2026-05-01 22:08:24]  Успешно записано: день 2024-01-06, режим append
[2026-05-01 22:08:24]  Текущая версия Delta-таблицы: 222
[2026-05-01 22:08:24]  Обработка дня: 2024-01-07
[2026-05-01 22:08:25]  Успешно записано: день 2024-01-07, режим append
[2026-05-01 22:08:26]  Текущая версия Delta-таблицы: 223
[2026-05-01 22:08:26]  Обработка дня: 2024-01-08
[2026-05-01 22:08:26]  Успешно записано: день 2024-01-08, режим append
[2026-05-01 22:08:26]  Текущая версия Delta-таблицы: 224
[2026-05-01 22:08:26]  Обработка дня: 2024-01-09
[2026-05-01 22:08:27]  Успешно записано: день 2024-01-09, режим append
[2026-05-01 22:08:28]  Текущая версия Delta-таблицы: 225
[2026-05-01 22:08:28]  Обработка дня: 2024-01-10
[2026-05-01 22:08:28]  Успешно записано: день 2024-01-10, режим append
[2026-05-01 22:08:28]  Текущая версия Delta-таблицы: 226
[2026-05-01 22:08:28]  Обработка дня: 2024-01-11
[2026-05-01 22:08:29]  Успешно записано: день 2024-01-11, режим append
[2026-05-01 22:08:29]  Текущая версия Delta-таблицы: 227
[2026-05-01 22:08:29]  Обработка дня: 2024-01-12
[2026-05-01 22:08:29]  Успешно записано: день 2024-01-12, режим append
[2026-05-01 22:08:29]  Текущая версия Delta-таблицы: 228
[2026-05-01 22:08:29]  Обработка дня: 2024-01-13
[2026-05-01 22:08:30]  Успешно записано: день 2024-01-13, режим append
[2026-05-01 22:08:30]  Текущая версия Delta-таблицы: 229
[2026-05-01 22:08:30]  Обработка дня: 2024-01-14
[2026-05-01 22:08:30]  Успешно записано: день 2024-01-14, режим append
[2026-05-01 22:08:30]  Текущая версия Delta-таблицы: 230
[2026-05-01 22:08:30]  Обработка дня: 2024-01-15
[2026-05-01 22:08:30]  Успешно записано: день 2024-01-15, режим append
[2026-05-01 22:08:30]  Текущая версия Delta-таблицы: 231
[2026-05-01 22:08:30]  Обработка дня: 2024-01-16
[2026-05-01 22:08:31]  Успешно записано: день 2024-01-16, режим append
[2026-05-01 22:08:31]  Текущая версия Delta-таблицы: 232
[2026-05-01 22:08:31]  Обработка дня: 2024-01-17
[2026-05-01 22:08:31]  Успешно записано: день 2024-01-17, режим append
[2026-05-01 22:08:31]  Текущая версия Delta-таблицы: 233
[2026-05-01 22:08:31]  Обработка дня: 2024-01-18
[2026-05-01 22:08:31]  Успешно записано: день 2024-01-18, режим append
[2026-05-01 22:08:31]  Текущая версия Delta-таблицы: 234
[2026-05-01 22:08:31]  Обработка дня: 2024-01-19
[2026-05-01 22:08:32]  Успешно записано: день 2024-01-19, режим append
[2026-05-01 22:08:32]  Текущая версия Delta-таблицы: 235
[2026-05-01 22:08:32]  Обработка дня: 2024-01-20
[2026-05-01 22:08:32]  Успешно записано: день 2024-01-20, режим append
[2026-05-01 22:08:32]  Текущая версия Delta-таблицы: 236
[2026-05-01 22:08:32]  Обработка дня: 2024-01-21
[2026-05-01 22:08:32]  Успешно записано: день 2024-01-21, режим append
[2026-05-01 22:08:32]  Текущая версия Delta-таблицы: 237
[2026-05-01 22:08:32]  Обработка дня: 2024-01-22
[2026-05-01 22:08:33]  Успешно записано: день 2024-01-22, режим append
[2026-05-01 22:08:33]  Текущая версия Delta-таблицы: 238
[2026-05-01 22:08:33]  Обработка дня: 2024-01-23
[2026-05-01 22:08:33]  Успешно записано: день 2024-01-23, режим append
[2026-05-01 22:08:33]  Текущая версия Delta-таблицы: 239
[2026-05-01 22:08:33]  Обработка дня: 2024-01-24
[2026-05-01 22:08:33]  Успешно записано: день 2024-01-24, режим append
[2026-05-01 22:08:33]  Текущая версия Delta-таблицы: 240
[2026-05-01 22:08:33]  Обработка дня: 2024-01-25
[2026-05-01 22:08:34]  Успешно записано: день 2024-01-25, режим append
[2026-05-01 22:08:34]  Текущая версия Delta-таблицы: 241
[2026-05-01 22:08:34]  Обработка дня: 2024-01-26
[2026-05-01 22:08:34]  Успешно записано: день 2024-01-26, режим append
[2026-05-01 22:08:34]  Текущая версия Delta-таблицы: 242
[2026-05-01 22:08:34]  Обработка дня: 2024-01-27
[2026-05-01 22:08:34]  Успешно записано: день 2024-01-27, режим append
[2026-05-01 22:08:34]  Текущая версия Delta-таблицы: 243
[2026-05-01 22:08:34]  Обработка дня: 2024-01-28
[2026-05-01 22:08:35]  Успешно записано: день 2024-01-28, режим append
[2026-05-01 22:08:35]  Текущая версия Delta-таблицы: 244
[2026-05-01 22:08:35]  Обработка дня: 2024-01-29
[2026-05-01 22:08:35]  Успешно записано: день 2024-01-29, режим append
[2026-05-01 22:08:35]  Текущая версия Delta-таблицы: 245
[2026-05-01 22:08:35]  Обработка дня: 2024-01-30
[2026-05-01 22:08:36]  Успешно записано: день 2024-01-30, режим append
[2026-05-01 22:08:36]  Текущая версия Delta-таблицы: 246
[2026-05-01 22:08:36]  Обработка дня: 2024-01-31
[2026-05-01 22:08:36]  Успешно записано: день 2024-01-31, режим append
[2026-05-01 22:08:36]  Текущая версия Delta-таблицы: 247
[2026-05-01 22:08:36]  ЗАГРУЗКА BRONZE ЗАВЕРШЕНА 
[2026-05-01 22:08:36]  Всего версий в истории: 248
[2026-05-01 22:08:36] Последние 5 версий:
[2026-05-01 22:08:36]   В 1777658961950 → версия 4 (оп: WRITE)
[2026-05-01 22:08:36]   В 1777658961795 → версия 3 (оп: WRITE)
[2026-05-01 22:08:36]   В 1777658961643 → версия 2 (оп: WRITE)
[2026-05-01 22:08:36]   В 1777658961486 → версия 1 (оп: WRITE)
[2026-05-01 22:08:36]   В 1777658961317 → версия 0 (оп: WRITE)
[2026-05-01 22:18:54]  НАЧАЛО ЗАГРУЗКИ BRONZE (по дням) 
[2026-05-01 22:18:54] Найдено файлов (дней): 31
[2026-05-01 22:18:54]  Обработка дня: 2024-01-01
[2026-05-01 22:18:55]  Успешно записано: день 2024-01-01, режим overwrite
[2026-05-01 22:18:55]  Текущая версия Delta-таблицы: 0
[2026-05-01 22:18:55]  Обработка дня: 2024-01-02
[2026-05-01 22:18:55]  Успешно записано: день 2024-01-02, режим append
[2026-05-01 22:18:55]  Текущая версия Delta-таблицы: 1
[2026-05-01 22:18:55]  Обработка дня: 2024-01-03
[2026-05-01 22:18:56]  Успешно записано: день 2024-01-03, режим append
[2026-05-01 22:18:56]  Текущая версия Delta-таблицы: 2
[2026-05-01 22:18:56]  Обработка дня: 2024-01-04
[2026-05-01 22:18:56]  Успешно записано: день 2024-01-04, режим append
[2026-05-01 22:18:56]  Текущая версия Delta-таблицы: 3
[2026-05-01 22:18:56]  Обработка дня: 2024-01-05
[2026-05-01 22:18:57]  Успешно записано: день 2024-01-05, режим append
[2026-05-01 22:18:57]  Текущая версия Delta-таблицы: 4
[2026-05-01 22:18:57]  Обработка дня: 2024-01-06
[2026-05-01 22:18:57]  Успешно записано: день 2024-01-06, режим append
[2026-05-01 22:18:57]  Текущая версия Delta-таблицы: 5
[2026-05-01 22:18:57]  Обработка дня: 2024-01-07
[2026-05-01 22:18:58]  Успешно записано: день 2024-01-07, режим append
[2026-05-01 22:18:58]  Текущая версия Delta-таблицы: 6
[2026-05-01 22:18:58]  Обработка дня: 2024-01-08
[2026-05-01 22:18:59]  Успешно записано: день 2024-01-08, режим append
[2026-05-01 22:18:59]  Текущая версия Delta-таблицы: 7
[2026-05-01 22:18:59]  Обработка дня: 2024-01-09
[2026-05-01 22:19:00]  Успешно записано: день 2024-01-09, режим append
[2026-05-01 22:19:00]  Текущая версия Delta-таблицы: 8
[2026-05-01 22:19:00]  Обработка дня: 2024-01-10
[2026-05-01 22:19:01]  Успешно записано: день 2024-01-10, режим append
[2026-05-01 22:19:01]  Текущая версия Delta-таблицы: 9
[2026-05-01 22:19:01]  Обработка дня: 2024-01-11
[2026-05-01 22:19:01]  Успешно записано: день 2024-01-11, режим append
[2026-05-01 22:19:01]  Текущая версия Delta-таблицы: 10
[2026-05-01 22:19:01]  Обработка дня: 2024-01-12
[2026-05-01 22:19:02]  Успешно записано: день 2024-01-12, режим append
[2026-05-01 22:19:02]  Текущая версия Delta-таблицы: 11
[2026-05-01 22:19:02]  Обработка дня: 2024-01-13
[2026-05-01 22:19:02]  Успешно записано: день 2024-01-13, режим append
[2026-05-01 22:19:02]  Текущая версия Delta-таблицы: 12
[2026-05-01 22:19:02]  Обработка дня: 2024-01-14
[2026-05-01 22:19:02]  Успешно записано: день 2024-01-14, режим append
[2026-05-01 22:19:02]  Текущая версия Delta-таблицы: 13
[2026-05-01 22:19:02]  Обработка дня: 2024-01-15
[2026-05-01 22:19:02]  Успешно записано: день 2024-01-15, режим append
[2026-05-01 22:19:02]  Текущая версия Delta-таблицы: 14
[2026-05-01 22:19:02]  Обработка дня: 2024-01-16
[2026-05-01 22:19:03]  Успешно записано: день 2024-01-16, режим append
[2026-05-01 22:19:03]  Текущая версия Delta-таблицы: 15
[2026-05-01 22:19:03]  Обработка дня: 2024-01-17
[2026-05-01 22:19:03]  Успешно записано: день 2024-01-17, режим append
[2026-05-01 22:19:03]  Текущая версия Delta-таблицы: 16
[2026-05-01 22:19:03]  Обработка дня: 2024-01-18
[2026-05-01 22:19:03]  Успешно записано: день 2024-01-18, режим append
[2026-05-01 22:19:03]  Текущая версия Delta-таблицы: 17
[2026-05-01 22:19:03]  Обработка дня: 2024-01-19
[2026-05-01 22:19:04]  Успешно записано: день 2024-01-19, режим append
[2026-05-01 22:19:04]  Текущая версия Delta-таблицы: 18
[2026-05-01 22:19:04]  Обработка дня: 2024-01-20
[2026-05-01 22:19:04]  Успешно записано: день 2024-01-20, режим append
[2026-05-01 22:19:04]  Текущая версия Delta-таблицы: 19
[2026-05-01 22:19:04]  Обработка дня: 2024-01-21
[2026-05-01 22:19:04]  Успешно записано: день 2024-01-21, режим append
[2026-05-01 22:19:04]  Текущая версия Delta-таблицы: 20
[2026-05-01 22:19:04]  Обработка дня: 2024-01-22
[2026-05-01 22:19:04]  Успешно записано: день 2024-01-22, режим append
[2026-05-01 22:19:04]  Текущая версия Delta-таблицы: 21
[2026-05-01 22:19:04]  Обработка дня: 2024-01-23
[2026-05-01 22:19:05]  Успешно записано: день 2024-01-23, режим append
[2026-05-01 22:19:05]  Текущая версия Delta-таблицы: 22
[2026-05-01 22:19:05]  Обработка дня: 2024-01-24
[2026-05-01 22:19:05]  Успешно записано: день 2024-01-24, режим append
[2026-05-01 22:19:05]  Текущая версия Delta-таблицы: 23
[2026-05-01 22:19:05]  Обработка дня: 2024-01-25
[2026-05-01 22:19:05]  Успешно записано: день 2024-01-25, режим append
[2026-05-01 22:19:05]  Текущая версия Delta-таблицы: 24
[2026-05-01 22:19:05]  Обработка дня: 2024-01-26
[2026-05-01 22:19:05]  Успешно записано: день 2024-01-26, режим append
[2026-05-01 22:19:05]  Текущая версия Delta-таблицы: 25
[2026-05-01 22:19:05]  Обработка дня: 2024-01-27
[2026-05-01 22:19:06]  Успешно записано: день 2024-01-27, режим append
[2026-05-01 22:19:06]  Текущая версия Delta-таблицы: 26
[2026-05-01 22:19:06]  Обработка дня: 2024-01-28
[2026-05-01 22:19:06]  Успешно записано: день 2024-01-28, режим append
[2026-05-01 22:19:06]  Текущая версия Delta-таблицы: 27
[2026-05-01 22:19:06]  Обработка дня: 2024-01-29
[2026-05-01 22:19:06]  Успешно записано: день 2024-01-29, режим append
[2026-05-01 22:19:06]  Текущая версия Delta-таблицы: 28
[2026-05-01 22:19:06]  Обработка дня: 2024-01-30
[2026-05-01 22:19:07]  Успешно записано: день 2024-01-30, режим append
[2026-05-01 22:19:07]  Текущая версия Delta-таблицы: 29
[2026-05-01 22:19:07]  Обработка дня: 2024-01-31
[2026-05-01 22:19:07]  Успешно записано: день 2024-01-31, режим append
[2026-05-01 22:19:07]  Текущая версия Delta-таблицы: 30
[2026-05-01 22:19:07]  ЗАГРУЗКА BRONZE ЗАВЕРШЕНА 
[2026-05-01 22:19:07]  Всего версий в истории: 31
[2026-05-01 22:19:07] Последние 5 версий:
[2026-05-01 22:19:07]   В 1777673937029 → версия 4 (оп: WRITE)
[2026-05-01 22:19:07]   В 1777673936439 → версия 3 (оп: WRITE)
[2026-05-01 22:19:07]   В 1777673935949 → версия 2 (оп: WRITE)
[2026-05-01 22:19:07]   В 1777673935510 → версия 1 (оп: WRITE)
[2026-05-01 22:19:07]   В 1777673935183 → версия 0 (оп: WRITE)
[2026-05-01 22:25:14]  НАЧАЛО ЗАГРУЗКИ BRONZE (по дням) 
[2026-05-01 22:25:14] Найдено файлов (дней): 31
[2026-05-01 22:25:14]  Обработка дня: 2024-01-01
[2026-05-01 22:25:15]  Успешно записано: день 2024-01-01, режим append
[2026-05-01 22:25:15]  Текущая версия Delta-таблицы: 31
[2026-05-01 22:25:15]  Обработка дня: 2024-01-02
[2026-05-01 22:25:15]  Успешно записано: день 2024-01-02, режим append
[2026-05-01 22:25:15]  Текущая версия Delta-таблицы: 32
[2026-05-01 22:25:15]  Обработка дня: 2024-01-03
[2026-05-01 22:25:16]  Успешно записано: день 2024-01-03, режим append
[2026-05-01 22:25:16]  Текущая версия Delta-таблицы: 33
[2026-05-01 22:25:16]  Обработка дня: 2024-01-04
[2026-05-01 22:25:17]  Успешно записано: день 2024-01-04, режим append
[2026-05-01 22:25:17]  Текущая версия Delta-таблицы: 34
[2026-05-01 22:25:17]  Обработка дня: 2024-01-05
[2026-05-01 22:25:17]  Успешно записано: день 2024-01-05, режим append
[2026-05-01 22:25:17]  Текущая версия Delta-таблицы: 35
[2026-05-01 22:25:17]  Обработка дня: 2024-01-06
[2026-05-01 22:25:18]  Успешно записано: день 2024-01-06, режим append
[2026-05-01 22:25:18]  Текущая версия Delta-таблицы: 36
[2026-05-01 22:25:18]  Обработка дня: 2024-01-07
[2026-05-01 22:25:19]  Успешно записано: день 2024-01-07, режим append
[2026-05-01 22:25:19]  Текущая версия Delta-таблицы: 37
[2026-05-01 22:25:19]  Обработка дня: 2024-01-08
[2026-05-01 22:25:20]  Успешно записано: день 2024-01-08, режим append
[2026-05-01 22:25:20]  Текущая версия Delta-таблицы: 38
[2026-05-01 22:25:20]  Обработка дня: 2024-01-09
[2026-05-01 22:25:21]  Успешно записано: день 2024-01-09, режим append
[2026-05-01 22:25:21]  Текущая версия Delta-таблицы: 39
[2026-05-01 22:25:21]  Обработка дня: 2024-01-10
[2026-05-01 22:25:21]  Успешно записано: день 2024-01-10, режим append
[2026-05-01 22:25:21]  Текущая версия Delta-таблицы: 40
[2026-05-01 22:25:21]  Обработка дня: 2024-01-11
[2026-05-01 22:25:21]  Успешно записано: день 2024-01-11, режим append
[2026-05-01 22:25:21]  Текущая версия Delta-таблицы: 41
[2026-05-01 22:25:21]  Обработка дня: 2024-01-12
[2026-05-01 22:25:22]  Успешно записано: день 2024-01-12, режим append
[2026-05-01 22:25:22]  Текущая версия Delta-таблицы: 42
[2026-05-01 22:25:22]  Обработка дня: 2024-01-13
[2026-05-01 22:25:22]  Успешно записано: день 2024-01-13, режим append
[2026-05-01 22:25:22]  Текущая версия Delta-таблицы: 43
[2026-05-01 22:25:22]  Обработка дня: 2024-01-14
[2026-05-01 22:25:22]  Успешно записано: день 2024-01-14, режим append
[2026-05-01 22:25:22]  Текущая версия Delta-таблицы: 44
[2026-05-01 22:25:22]  Обработка дня: 2024-01-15
[2026-05-01 22:25:23]  Успешно записано: день 2024-01-15, режим append
[2026-05-01 22:25:23]  Текущая версия Delta-таблицы: 45
[2026-05-01 22:25:23]  Обработка дня: 2024-01-16
[2026-05-01 22:25:23]  Успешно записано: день 2024-01-16, режим append
[2026-05-01 22:25:23]  Текущая версия Delta-таблицы: 46
[2026-05-01 22:25:23]  Обработка дня: 2024-01-17
[2026-05-01 22:25:23]  Успешно записано: день 2024-01-17, режим append
[2026-05-01 22:25:23]  Текущая версия Delta-таблицы: 47
[2026-05-01 22:25:23]  Обработка дня: 2024-01-18
[2026-05-01 22:25:24]  Успешно записано: день 2024-01-18, режим append
[2026-05-01 22:25:24]  Текущая версия Delta-таблицы: 48
[2026-05-01 22:25:24]  Обработка дня: 2024-01-19
[2026-05-01 22:25:24]  Успешно записано: день 2024-01-19, режим append
[2026-05-01 22:25:24]  Текущая версия Delta-таблицы: 49
[2026-05-01 22:25:24]  Обработка дня: 2024-01-20
[2026-05-01 22:25:24]  Успешно записано: день 2024-01-20, режим append
[2026-05-01 22:25:24]  Текущая версия Delta-таблицы: 50
[2026-05-01 22:25:24]  Обработка дня: 2024-01-21
[2026-05-01 22:25:25]  Успешно записано: день 2024-01-21, режим append
[2026-05-01 22:25:25]  Текущая версия Delta-таблицы: 51
[2026-05-01 22:25:25]  Обработка дня: 2024-01-22
[2026-05-01 22:25:25]  Успешно записано: день 2024-01-22, режим append
[2026-05-01 22:25:25]  Текущая версия Delta-таблицы: 52
[2026-05-01 22:25:25]  Обработка дня: 2024-01-23
[2026-05-01 22:25:25]  Успешно записано: день 2024-01-23, режим append
[2026-05-01 22:25:25]  Текущая версия Delta-таблицы: 53
[2026-05-01 22:25:25]  Обработка дня: 2024-01-24
[2026-05-01 22:25:25]  Успешно записано: день 2024-01-24, режим append
[2026-05-01 22:25:26]  Текущая версия Delta-таблицы: 54
[2026-05-01 22:25:26]  Обработка дня: 2024-01-25
[2026-05-01 22:25:26]  Успешно записано: день 2024-01-25, режим append
[2026-05-01 22:25:26]  Текущая версия Delta-таблицы: 55
[2026-05-01 22:25:26]  Обработка дня: 2024-01-26
[2026-05-01 22:25:26]  Успешно записано: день 2024-01-26, режим append
[2026-05-01 22:25:26]  Текущая версия Delta-таблицы: 56
[2026-05-01 22:25:26]  Обработка дня: 2024-01-27
[2026-05-01 22:25:26]  Успешно записано: день 2024-01-27, режим append
[2026-05-01 22:25:26]  Текущая версия Delta-таблицы: 57
[2026-05-01 22:25:26]  Обработка дня: 2024-01-28
[2026-05-01 22:25:27]  Успешно записано: день 2024-01-28, режим append
[2026-05-01 22:25:27]  Текущая версия Delta-таблицы: 58
[2026-05-01 22:25:27]  Обработка дня: 2024-01-29
[2026-05-01 22:25:27]  Успешно записано: день 2024-01-29, режим append
[2026-05-01 22:25:27]  Текущая версия Delta-таблицы: 59
[2026-05-01 22:25:27]  Обработка дня: 2024-01-30
[2026-05-01 22:25:27]  Успешно записано: день 2024-01-30, режим append
[2026-05-01 22:25:27]  Текущая версия Delta-таблицы: 60
[2026-05-01 22:25:27]  Обработка дня: 2024-01-31
[2026-05-01 22:25:28]  Успешно записано: день 2024-01-31, режим append
[2026-05-01 22:25:28]  Текущая версия Delta-таблицы: 61
[2026-05-01 22:25:28]  ЗАГРУЗКА BRONZE ЗАВЕРШЕНА 
[2026-05-01 22:25:28]  Всего версий в истории: 62
[2026-05-01 22:25:28] Последние 5 версий:
[2026-05-01 22:25:28]   В 1777673937029 → версия 4 (оп: WRITE)
[2026-05-01 22:25:28]   В 1777673936439 → версия 3 (оп: WRITE)
[2026-05-01 22:25:28]   В 1777673935949 → версия 2 (оп: WRITE)
[2026-05-01 22:25:28]   В 1777673935510 → версия 1 (оп: WRITE)
[2026-05-01 22:25:28]   В 1777673935183 → версия 0 (оп: WRITE)
[2026-05-01 22:28:45]  НАЧАЛО ЗАГРУЗКИ BRONZE (по дням) 
[2026-05-01 22:28:45] Найдено файлов (дней): 31
[2026-05-01 22:28:45]  Обработка дня: 2024-01-01
[2026-05-01 22:28:45]  Успешно записано: день 2024-01-01, режим overwrite
[2026-05-01 22:28:45]  Текущая версия Delta-таблицы: 0
[2026-05-01 22:28:45]  Обработка дня: 2024-01-02
[2026-05-01 22:28:46]  Успешно записано: день 2024-01-02, режим append
[2026-05-01 22:28:46]  Текущая версия Delta-таблицы: 1
[2026-05-01 22:28:46]  Обработка дня: 2024-01-03
[2026-05-01 22:28:46]  Успешно записано: день 2024-01-03, режим append
[2026-05-01 22:28:46]  Текущая версия Delta-таблицы: 2
[2026-05-01 22:28:46]  Обработка дня: 2024-01-04
[2026-05-01 22:28:47]  Успешно записано: день 2024-01-04, режим append
[2026-05-01 22:28:47]  Текущая версия Delta-таблицы: 3
[2026-05-01 22:28:47]  Обработка дня: 2024-01-05
[2026-05-01 22:28:48]  Успешно записано: день 2024-01-05, режим append
[2026-05-01 22:28:48]  Текущая версия Delta-таблицы: 4
[2026-05-01 22:28:48]  Обработка дня: 2024-01-06
[2026-05-01 22:28:49]  Успешно записано: день 2024-01-06, режим append
[2026-05-01 22:28:49]  Текущая версия Delta-таблицы: 5
[2026-05-01 22:28:49]  Обработка дня: 2024-01-07
[2026-05-01 22:28:50]  Успешно записано: день 2024-01-07, режим append
[2026-05-01 22:28:50]  Текущая версия Delta-таблицы: 6
[2026-05-01 22:28:50]  Обработка дня: 2024-01-08
[2026-05-01 22:28:51]  Успешно записано: день 2024-01-08, режим append
[2026-05-01 22:28:51]  Текущая версия Delta-таблицы: 7
[2026-05-01 22:28:51]  Обработка дня: 2024-01-09
[2026-05-01 22:28:52]  Успешно записано: день 2024-01-09, режим append
[2026-05-01 22:28:52]  Текущая версия Delta-таблицы: 8
[2026-05-01 22:28:52]  Обработка дня: 2024-01-10
[2026-05-01 22:28:53]  Успешно записано: день 2024-01-10, режим append
[2026-05-01 22:28:53]  Текущая версия Delta-таблицы: 9
[2026-05-01 22:28:53]  Обработка дня: 2024-01-11
[2026-05-01 22:28:53]  Успешно записано: день 2024-01-11, режим append
[2026-05-01 22:28:53]  Текущая версия Delta-таблицы: 10
[2026-05-01 22:28:53]  Обработка дня: 2024-01-12
[2026-05-01 22:28:54]  Успешно записано: день 2024-01-12, режим append
[2026-05-01 22:28:54]  Текущая версия Delta-таблицы: 11
[2026-05-01 22:28:54]  Обработка дня: 2024-01-13
[2026-05-01 22:28:55]  Успешно записано: день 2024-01-13, режим append
[2026-05-01 22:28:55]  Текущая версия Delta-таблицы: 12
[2026-05-01 22:28:55]  Обработка дня: 2024-01-14
[2026-05-01 22:28:55]  Успешно записано: день 2024-01-14, режим append
[2026-05-01 22:28:55]  Текущая версия Delta-таблицы: 13
[2026-05-01 22:28:55]  Обработка дня: 2024-01-15
[2026-05-01 22:28:55]  Успешно записано: день 2024-01-15, режим append
[2026-05-01 22:28:55]  Текущая версия Delta-таблицы: 14
[2026-05-01 22:28:55]  Обработка дня: 2024-01-16
[2026-05-01 22:28:55]  Успешно записано: день 2024-01-16, режим append
[2026-05-01 22:28:55]  Текущая версия Delta-таблицы: 15
[2026-05-01 22:28:55]  Обработка дня: 2024-01-17
[2026-05-01 22:28:56]  Успешно записано: день 2024-01-17, режим append
[2026-05-01 22:28:56]  Текущая версия Delta-таблицы: 16
[2026-05-01 22:28:56]  Обработка дня: 2024-01-18
[2026-05-01 22:28:56]  Успешно записано: день 2024-01-18, режим append
[2026-05-01 22:28:56]  Текущая версия Delta-таблицы: 17
[2026-05-01 22:28:56]  Обработка дня: 2024-01-19
[2026-05-01 22:28:56]  Успешно записано: день 2024-01-19, режим append
[2026-05-01 22:28:56]  Текущая версия Delta-таблицы: 18
[2026-05-01 22:28:56]  Обработка дня: 2024-01-20
[2026-05-01 22:28:56]  Успешно записано: день 2024-01-20, режим append
[2026-05-01 22:28:56]  Текущая версия Delta-таблицы: 19
[2026-05-01 22:28:56]  Обработка дня: 2024-01-21
[2026-05-01 22:28:57]  Успешно записано: день 2024-01-21, режим append
[2026-05-01 22:28:57]  Текущая версия Delta-таблицы: 20
[2026-05-01 22:28:57]  Обработка дня: 2024-01-22
[2026-05-01 22:28:57]  Успешно записано: день 2024-01-22, режим append
[2026-05-01 22:28:57]  Текущая версия Delta-таблицы: 21
[2026-05-01 22:28:57]  Обработка дня: 2024-01-23
[2026-05-01 22:28:57]  Успешно записано: день 2024-01-23, режим append
[2026-05-01 22:28:57]  Текущая версия Delta-таблицы: 22
[2026-05-01 22:28:57]  Обработка дня: 2024-01-24
[2026-05-01 22:28:58]  Успешно записано: день 2024-01-24, режим append
[2026-05-01 22:28:58]  Текущая версия Delta-таблицы: 23
[2026-05-01 22:28:58]  Обработка дня: 2024-01-25
[2026-05-01 22:28:58]  Успешно записано: день 2024-01-25, режим append
[2026-05-01 22:28:58]  Текущая версия Delta-таблицы: 24
[2026-05-01 22:28:58]  Обработка дня: 2024-01-26
[2026-05-01 22:28:58]  Успешно записано: день 2024-01-26, режим append
[2026-05-01 22:28:58]  Текущая версия Delta-таблицы: 25
[2026-05-01 22:28:58]  Обработка дня: 2024-01-27
[2026-05-01 22:28:59]  Успешно записано: день 2024-01-27, режим append
[2026-05-01 22:28:59]  Текущая версия Delta-таблицы: 26
[2026-05-01 22:28:59]  Обработка дня: 2024-01-28
[2026-05-01 22:28:59]  Успешно записано: день 2024-01-28, режим append
[2026-05-01 22:28:59]  Текущая версия Delta-таблицы: 27
[2026-05-01 22:28:59]  Обработка дня: 2024-01-29
[2026-05-01 22:28:59]  Успешно записано: день 2024-01-29, режим append
[2026-05-01 22:28:59]  Текущая версия Delta-таблицы: 28
[2026-05-01 22:28:59]  Обработка дня: 2024-01-30
[2026-05-01 22:29:00]  Успешно записано: день 2024-01-30, режим append
[2026-05-01 22:29:00]  Текущая версия Delta-таблицы: 29
[2026-05-01 22:29:00]  Обработка дня: 2024-01-31
[2026-05-01 22:29:00]  Успешно записано: день 2024-01-31, режим append
[2026-05-01 22:29:00]  Текущая версия Delta-таблицы: 30
[2026-05-01 22:29:00]  ЗАГРУЗКА BRONZE ЗАВЕРШЕНА 
[2026-05-01 22:29:00]  Всего версий в истории: 31
[2026-05-01 22:29:00] Последние 5 версий:
[2026-05-01 22:29:00]   В 1777674528081 → версия 4 (оп: WRITE)
[2026-05-01 22:29:00]   В 1777674527175 → версия 3 (оп: WRITE)
[2026-05-01 22:29:00]   В 1777674526530 → версия 2 (оп: WRITE)
[2026-05-01 22:29:00]   В 1777674526109 → версия 1 (оп: WRITE)
[2026-05-01 22:29:00]   В 1777674525723 → версия 0 (оп: WRITE)
