[2026-05-01 10:15:48]  НАЧАЛО ОБРАБОТКИ SILVER 
[2026-05-01 10:15:48] Чтение Bronze-таблицы...
[2026-05-01 10:15:51] Загружено: 582425 строк, 120 колонок
[2026-05-01 10:15:51]  Имена колонок очищены
[2026-05-01 10:15:51] Оставлено колонок: 37
[2026-05-01 10:15:51] Фильтрация: удалено 23710 отменённых/вынужденных рейсов
[2026-05-01 10:15:51] Приведение типов...
[2026-05-01 10:15:51]  Дубликаты удалены
[2026-05-01 10:15:51] Запись в Silver Delta...
[2026-05-01 10:19:01]  НАЧАЛО ОБРАБОТКИ SILVER 
[2026-05-01 10:19:01] Чтение Bronze-таблицы...
[2026-05-01 10:19:02] Загружено: 582425 строк, 120 колонок
[2026-05-01 10:19:02]  Имена колонок очищены
[2026-05-01 10:19:02] Оставлено колонок: 37
[2026-05-01 10:19:02] Фильтрация: удалено 23710 отменённых/вынужденных рейсов
[2026-05-01 10:19:02] Приведение типов...
[2026-05-01 10:19:02]  Дубликаты удалены
[2026-05-01 10:19:02] Запись в Silver Delta...
[2026-05-01 10:20:29]  НАЧАЛО ОБРАБОТКИ SILVER 
[2026-05-01 10:20:29] Чтение Bronze-таблицы...
[2026-05-01 10:20:30] Загружено: 582425 строк, 120 колонок
[2026-05-01 10:20:30] Приведение типов...
[2026-05-01 10:20:30] Запись в Silver Delta...
[2026-05-01 10:20:31]  ГОТОВО. Рейсов: 558424, Задержки: 28.34%
[2026-05-01 11:01:24]  НАЧАЛО ОБРАБОТКИ SILVER 
[2026-05-01 11:01:24] Чтение Bronze-таблицы...
[2026-05-01 11:01:25] Загружено: 1164850 строк, 120 колонок
[2026-05-01 11:01:26] Приведение типов...
[2026-05-01 11:01:26] Запись в Silver Delta...
[2026-05-01 11:01:26]  ГОТОВО. Рейсов: 558424, Задержки: 28.34%
[2026-05-01 11:09:26]  НАЧАЛО ОБРАБОТКИ SILVER 
[2026-05-01 11:09:26] Чтение Bronze-таблицы...
[2026-05-01 11:09:27] Загружено: 582425 строк, 120 колонок
[2026-05-01 11:09:27] Приведение типов...
[2026-05-01 11:09:27] Запись в Silver Delta...
[2026-05-01 11:09:28]  ГОТОВО. Рейсов: 558424, Задержки: 28.34%
[2026-05-01 14:30:07] НАЧАЛО ОБРАБОТКИ SILVER (MERGE-подобная перезапись)
[2026-05-01 14:31:08] НАЧАЛО ОБРАБОТКИ SILVER (Исправление ColumnNotFoundError)
[2026-05-01 14:31:13] Запись в Silver Delta (Partition Overwrite)...
[2026-05-01 14:32:28] НАЧАЛО ОБРАБОТКИ SILVER (Фикс TypeError и сезонов)
[2026-05-01 14:32:33] Запись в Silver Delta...
[2026-05-01 14:33:30] НАЧАЛО ОБРАБОТКИ SILVER (Устранение дубликатов имен полей)
[2026-05-01 14:33:37] Запись в Silver Delta...
[2026-05-01 14:33:39] ОБРАБОТКА ЗАВЕРШЕНА. Итого строк: 558424
[2026-05-01 14:38:12] НАЧАЛО ОБРАБОТКИ SILVER (Устранение дубликатов имен полей)
[2026-05-01 14:38:21] Запись в Silver Delta...
[2026-05-01 14:38:23] ОБРАБОТКА ЗАВЕРШЕНА. Итого строк: 558424
[2026-05-01 14:51:20] НАЧАЛО ОБРАБОТКИ SILVER (Устранение дубликатов имен полей)
[2026-05-01 14:51:30] Запись в Silver Delta...
[2026-05-01 14:51:31] ОБРАБОТКА ЗАВЕРШЕНА. Итого строк: 558424
[2026-05-01 22:08:37] НАЧАЛО ОБРАБОТКИ SILVER (Устранение дубликатов имен полей)
[2026-05-01 22:19:07] НАЧАЛО ОБРАБОТКИ SILVER (Устранение дубликатов имен полей)
[2026-05-01 22:25:28] НАЧАЛО ОБРАБОТКИ SILVER (Устранение дубликатов имен полей)
[2026-05-01 22:25:36] Запись в Silver Delta...
[2026-05-01 22:25:39] ОБРАБОТКА ЗАВЕРШЕНА. Итого строк: 558424
[2026-05-01 22:29:00] НАЧАЛО ОБРАБОТКИ SILVER (Устранение дубликатов имен полей)
[2026-05-01 22:29:05] Запись в Silver Delta...
[2026-05-01 22:29:09] ОБРАБОТКА ЗАВЕРШЕНА. Итого строк: 558424
